Component: ARM Compiler 6.14 Tool: armlink [5db06800]

==============================================================================

Section Cross References

    main.o(.text) refers (Special) to _printf_d.o(.ARM.Collect$$_printf_percent$$00000009) for _printf_d
    main.o(.text) refers (Special) to _printf_dec.o(.text) for _printf_int_dec
    main.o(.text) refers (Special) to _printf_percent.o(.ARM.Collect$$_printf_percent$$00000000) for _printf_percent
    main.o(.text.main) refers (Special) to _printf_d.o(.ARM.Collect$$_printf_percent$$00000009) for _printf_d
    main.o(.text.main) refers (Special) to _printf_dec.o(.text) for _printf_int_dec
    main.o(.text.main) refers (Special) to _printf_percent.o(.ARM.Collect$$_printf_percent$$00000000) for _printf_percent
    main.o(.text.main) refers to main.o(.text.resetGame) for resetGame
    main.o(.text.main) refers to main.o(.text.System_Config) for System_Config
    main.o(.text.main) refers to main.o(.text.SPI3_Config) for SPI3_Config
    main.o(.text.main) refers to main.o(.text.LCD_start) for LCD_start
    main.o(.text.main) refers to main.o(.text.LCD_clear) for LCD_clear
    main.o(.text.main) refers to main.o(.text.Timer_Config) for Timer_Config
    main.o(.text.main) refers to main.o(.text.welcome_LCD) for welcome_LCD
    main.o(.text.main) refers to main.o(.text.CLK_SysTickDelay) for CLK_SysTickDelay
    main.o(.text.main) refers to main.o(.text.KeyPadScanning) for KeyPadScanning
    main.o(.text.main) refers to main.o(.text.difficult_LCD) for difficult_LCD
    main.o(.text.main) refers to main.o(.text.howToPlay_Screen) for howToPlay_Screen
    main.o(.text.main) refers to main.o(.text.howToPlay_Screen_cont) for howToPlay_Screen_cont
    main.o(.text.main) refers to main.o(.text.endGameLCD) for endGameLCD
    main.o(.text.main) refers to lcd.o(.text.draw_LCD) for draw_LCD
    main.o(.text.main) refers to main.o(.text.SetupBomb) for SetupBomb
    main.o(.text.main) refers to main.o(.text.SetupFruit) for SetupFruit
    main.o(.text.main) refers to lcd.o(.text.printS_5x7) for printS_5x7
    main.o(.text.main) refers to main.o(.text.setDuration) for setDuration
    main.o(.text.main) refers to main.o(.text.statistic_GameLCD) for statistic_GameLCD
    main.o(.text.main) refers to main.o(.text.getPenalty) for getPenalty
    main.o(.text.main) refers to main.o(.text.turnNormal) for turnNormal
    main.o(.text.main) refers to main.o(.text.timeUpdate) for timeUpdate
    main.o(.text.main) refers to main.o(.text.control) for control
    main.o(.text.main) refers to aeabi_sdiv.o(.text) for __aeabi_uidivmod
    main.o(.text.main) refers to main.o(.text.snakeMove) for snakeMove
    main.o(.text.main) refers to main.o(.text.snakeEat) for snakeEat
    main.o(.text.main) refers to main.o(.text.snakeEatItself) for snakeEatItself
    main.o(.text.main) refers to main.o(.text.FruitBombSetting) for FruitBombSetting
    main.o(.text.main) refers to draw2d.o(.text.fill_Rectangle) for fill_Rectangle
    main.o(.text.main) refers to main.o(.data..L_MergedGlobals) for [Anonymous Symbol]
    main.o(.text.main) refers to main.o(.bss..L_MergedGlobals.40) for [Anonymous Symbol]
    main.o(.text.main) refers to main.o(.rodata.str1.1) for .L.str
    main.o(.text.main) refers to main.o(.bss.body) for body
    main.o(.text.main) refers to main.o(.data.snake_128x64) for snake_128x64
    main.o(.ARM.exidx.text.main) refers (Special) to _printf_d.o(.ARM.Collect$$_printf_percent$$00000009) for _printf_d
    main.o(.ARM.exidx.text.main) refers (Special) to _printf_dec.o(.text) for _printf_int_dec
    main.o(.ARM.exidx.text.main) refers (Special) to _printf_percent.o(.ARM.Collect$$_printf_percent$$00000000) for _printf_percent
    main.o(.ARM.exidx.text.main) refers to main.o(.text.main) for [Anonymous Symbol]
    main.o(.text.System_Config) refers (Special) to _printf_d.o(.ARM.Collect$$_printf_percent$$00000009) for _printf_d
    main.o(.text.System_Config) refers (Special) to _printf_dec.o(.text) for _printf_int_dec
    main.o(.text.System_Config) refers (Special) to _printf_percent.o(.ARM.Collect$$_printf_percent$$00000000) for _printf_percent
    main.o(.ARM.exidx.text.System_Config) refers (Special) to _printf_d.o(.ARM.Collect$$_printf_percent$$00000009) for _printf_d
    main.o(.ARM.exidx.text.System_Config) refers (Special) to _printf_dec.o(.text) for _printf_int_dec
    main.o(.ARM.exidx.text.System_Config) refers (Special) to _printf_percent.o(.ARM.Collect$$_printf_percent$$00000000) for _printf_percent
    main.o(.ARM.exidx.text.System_Config) refers to main.o(.text.System_Config) for [Anonymous Symbol]
    main.o(.text.SPI3_Config) refers (Special) to _printf_d.o(.ARM.Collect$$_printf_percent$$00000009) for _printf_d
    main.o(.text.SPI3_Config) refers (Special) to _printf_dec.o(.text) for _printf_int_dec
    main.o(.text.SPI3_Config) refers (Special) to _printf_percent.o(.ARM.Collect$$_printf_percent$$00000000) for _printf_percent
[...]
    libinit.o(.ARM.Collect$$libinit$$00000000) refers (Special) to libinit2.o(.ARM.Collect$$libinit$$00000019) for __rt_lib_init_lc_time_1
    libinit.o(.ARM.Collect$$libinit$$00000000) refers (Special) to libinit2.o(.ARM.Collect$$libinit$$00000004) for __rt_lib_init_preinit_1
    libinit.o(.ARM.Collect$$libinit$$00000000) refers (Special) to libinit2.o(.ARM.Collect$$libinit$$0000000E) for __rt_lib_init_rand_1
    libinit.o(.ARM.Collect$$libinit$$00000000) refers (Special) to libinit2.o(.ARM.Collect$$libinit$$00000033) for __rt_lib_init_return
    libinit.o(.ARM.Collect$$libinit$$00000000) refers (Special) to libinit2.o(.ARM.Collect$$libinit$$0000001D) for __rt_lib_init_signal_1
    libinit.o(.ARM.Collect$$libinit$$00000000) refers (Special) to libinit2.o(.ARM.Collect$$libinit$$00000025) for __rt_lib_init_stdio_1
    libinit.o(.ARM.Collect$$libinit$$00000000) refers (Special) to libinit2.o(.ARM.Collect$$libinit$$0000000C) for __rt_lib_init_user_alloc_1
    sys_command.o(.text) refers (Special) to use_no_semi.o(.text) for __I$use$semihosting
    sys_command.o(.text) refers (Special) to indicate_semi.o(.text) for __semihosting_library_function
    sys_command_hlt.o(.text) refers (Special) to use_no_semi.o(.text) for __I$use$semihosting
    sys_command_hlt.o(.text) refers (Special) to indicate_semi.o(.text) for __semihosting_library_function
    libspace.o(.text) refers to libspace.o(.bss) for __libspace_start
    rtexit.o(.ARM.Collect$$rtexit$$00000000) refers (Special) to rtexit2.o(.ARM.Collect$$rtexit$$00000004) for __rt_exit_exit
    rtexit.o(.ARM.Collect$$rtexit$$00000000) refers (Special) to rtexit2.o(.ARM.Collect$$rtexit$$00000003) for __rt_exit_ls
    rtexit.o(.ARM.Collect$$rtexit$$00000000) refers (Special) to rtexit2.o(.ARM.Collect$$rtexit$$00000002) for __rt_exit_prels_1
    rtexit.o(.ARM.exidx) refers (Special) to rtexit2.o(.ARM.Collect$$rtexit$$00000004) for __rt_exit_exit
    rtexit.o(.ARM.exidx) refers (Special) to rtexit2.o(.ARM.Collect$$rtexit$$00000003) for __rt_exit_ls
    rtexit.o(.ARM.exidx) refers (Special) to rtexit2.o(.ARM.Collect$$rtexit$$00000002) for __rt_exit_prels_1
    rtexit.o(.ARM.exidx) refers to rtexit.o(.ARM.Collect$$rtexit$$00000000) for .ARM.Collect$$rtexit$$00000000
    rt_raise.o(.text) refers to __raise.o(.text) for __raise
    rt_raise.o(.text) refers to sys_exit.o(.text) for _sys_exit
    defsig_exit.o(.text) refers to sys_exit.o(.text) for _sys_exit
    defsig_fpe_inner.o(.text) refers to defsig_general.o(.text) for __default_signal_display
    defsig_rtmem_outer.o(.text) refers to defsig_rtmem_inner.o(.text) for __rt_SIGRTMEM_inner
    defsig_rtmem_outer.o(.text) refers to defsig_exit.o(.text) for __sig_exit
    defsig_rtmem_formal.o(.text) refers to rt_raise.o(.text) for __rt_raise
    sys_exit.o(.text) refers (Special) to use_no_semi.o(.text) for __I$use$semihosting
    sys_exit.o(.text) refers (Special) to indicate_semi.o(.text) for __semihosting_library_function
    sys_exit_hlt.o(.text) refers (Special) to use_no_semi.o(.text) for __I$use$semihosting
    sys_exit_hlt.o(.text) refers (Special) to indicate_semi.o(.text) for __semihosting_library_function
    rtexit2.o(.ARM.Collect$$rtexit$$00000003) refers to libshutdown.o(.ARM.Collect$$libshutdown$$00000000) for __rt_lib_shutdown
    rtexit2.o(.ARM.Collect$$rtexit$$00000004) refers to sys_exit.o(.text) for _sys_exit
    rtexit2.o(.ARM.exidx) refers to rtexit2.o(.ARM.Collect$$rtexit$$00000001) for .ARM.Collect$$rtexit$$00000001
    rtexit2.o(.ARM.exidx) refers to rtexit2.o(.ARM.Collect$$rtexit$$00000003) for .ARM.Collect$$rtexit$$00000003
    rtexit2.o(.ARM.exidx) refers to rtexit2.o(.ARM.Collect$$rtexit$$00000004) for .ARM.Collect$$rtexit$$00000004
    __raise.o(.text) refers to defsig.o(CL$$defsig) for __default_signal_handler
    defsig_general.o(.text) refers to sys_wrch.o(.text) for _ttywrch
    defsig_rtmem_inner.o(.text) refers to defsig_general.o(.text) for __default_signal_display
    sys_wrch.o(.text) refers (Special) to use_no_semi.o(.text) for __I$use$semihosting
    sys_wrch.o(.text) refers (Special) to indicate_semi.o(.text) for __semihosting_library_function
    sys_wrch_hlt.o(.text) refers (Special) to use_no_semi.o(.text) for __I$use$semihosting
    sys_wrch_hlt.o(.text) refers (Special) to indicate_semi.o(.text) for __semihosting_library_function
    defsig.o(CL$$defsig) refers to defsig_fpe_inner.o(.text) for __rt_SIGFPE_inner
    defsig.o(CL$$defsig) refers to defsig_rtmem_inner.o(.text) for __rt_SIGRTMEM_inner
    libshutdown.o(.ARM.Collect$$libshutdown$$00000000) refers (Special) to libshutdown2.o(.ARM.Collect$$libshutdown$$00000002) for __rt_lib_shutdown_cpp_1
    libshutdown.o(.ARM.Collect$$libshutdown$$00000000) refers (Special) to libshutdown2.o(.ARM.Collect$$libshutdown$$00000007) for __rt_lib_shutdown_fp_trap_1
    libshutdown.o(.ARM.Collect$$libshutdown$$00000000) refers (Special) to libshutdown2.o(.ARM.Collect$$libshutdown$$0000000F) for __rt_lib_shutdown_heap_1
    libshutdown.o(.ARM.Collect$$libshutdown$$00000000) refers (Special) to libshutdown2.o(.ARM.Collect$$libshutdown$$00000010) for __rt_lib_shutdown_return
    libshutdown.o(.ARM.Collect$$libshutdown$$00000000) refers (Special) to libshutdown2.o(.ARM.Collect$$libshutdown$$0000000A) for __rt_lib_shutdown_signal_1
    libshutdown.o(.ARM.Collect$$libshutdown$$00000000) refers (Special) to libshutdown2.o(.ARM.Collect$$libshutdown$$00000004) for __rt_lib_shutdown_stdio_1
    libshutdown.o(.ARM.Collect$$libshutdown$$00000000) refers (Special) to libshutdown2.o(.ARM.Collect$$libshutdown$$0000000C) for __rt_lib_shutdown_user_alloc_1
    defsig_abrt_inner.o(.text) refers to defsig_general.o(.text) for __default_signal_display
    defsig_rtred_inner.o(.text) refers to defsig_general.o(.text) for __default_signal_display
    defsig_stak_inner.o(.text) refers to defsig_general.o(.text) for __default_signal_display
    defsig_pvfn_inner.o(.text) refers to defsig_general.o(.text) for __default_signal_display
    defsig_cppl_inner.o(.text) refers to defsig_general.o(.text) for __default_signal_display
    defsig_segv_inner.o(.text) refers to defsig_general.o(.text) for __default_signal_display
    defsig_other.o(.text) refers to defsig_general.o(.text) for __default_signal_display


==============================================================================

Removing Unused input sections from the image.

    Removing main.o(.text), (0 bytes).
    Removing main.o(.ARM.exidx.text.main), (8 bytes).
    Removing main.o(.ARM.exidx.text.System_Config), (8 bytes).
    Removing main.o(.ARM.exidx.text.SPI3_Config), (8 bytes).
    Removing main.o(.ARM.exidx.text.LCD_start), (8 bytes).
    Removing main.o(.ARM.exidx.text.LCD_clear), (8 bytes).
    Removing main.o(.ARM.exidx.text.Timer_Config), (8 bytes).
    Removing main.o(.ARM.exidx.text.CLK_SysTickDelay), (8 bytes).
    Removing main.o(.ARM.exidx.text.KeyPadScanning), (8 bytes).
    Removing main.o(.ARM.exidx.text.SetupBomb), (8 bytes).
    Removing main.o(.ARM.exidx.text.SetupFruit), (8 bytes).
    Removing main.o(.ARM.exidx.text.statistic_GameLCD), (8 bytes).
    Removing main.o(.ARM.exidx.text.Draw), (8 bytes).
    Removing main.o(.ARM.exidx.text.timeUpdate), (8 bytes).
    Removing main.o(.ARM.exidx.text.endGameLCD), (8 bytes).
    Removing main.o(.ARM.exidx.text.snakeGrowUp), (8 bytes).
    Removing main.o(.ARM.exidx.text.turnNormal), (8 bytes).
    Removing main.o(.ARM.exidx.text.howToPlay_Screen), (8 bytes).
    Removing main.o(.ARM.exidx.text.howToPlay_Screen_cont), (8 bytes).
    Removing main.o(.ARM.exidx.text.FruitBombSetting), (8 bytes).
    Removing main.o(.ARM.exidx.text.snakeEatItself), (8 bytes).
    Removing main.o(.ARM.exidx.text.difficult_LCD), (8 bytes).
    Removing main.o(.ARM.exidx.text.welcome_LCD), (8 bytes).
    Removing main.o(.ARM.exidx.text.snakeEat), (8 bytes).
    Removing main.o(.ARM.exidx.text.pointHandler), (8 bytes).
    Removing main.o(.ARM.exidx.text.getPenalty), (8 bytes).
    Removing main.o(.ARM.exidx.text.snakeMove), (8 bytes).
    Removing main.o(.ARM.exidx.text.update_Bodysnake), (8 bytes).
    Removing main.o(.ARM.exidx.text.update_Headsnake), (8 bytes).
    Removing main.o(.ARM.exidx.text.EINT1_IRQHandler), (8 bytes).
    Removing main.o(.ARM.exidx.text.resetGame), (8 bytes).
    Removing main.o(.ARM.exidx.text.control), (8 bytes).
    Removing main.o(.ARM.exidx.text.setDuration), (8 bytes).
    Removing main.o(.ARM.exidx.text.LCD_command), (8 bytes).
    Removing main.o(.ARM.exidx.text.LCD_data), (8 bytes).
    Removing main.o(.ARM.exidx.text.LCD_SetAddress), (8 bytes).
    Removing main.o(.text.KeyPadEnable), (88 bytes).
    Removing main.o(.ARM.exidx.text.KeyPadEnable), (8 bytes).
    Removing main.o(.ARM.use_no_argv), (4 bytes).
    Removing system_nuc100series.o(.text), (0 bytes).
    Removing system_nuc100series.o(.text.SystemCoreClockUpdate), (152 bytes).
    Removing system_nuc100series.o(.ARM.exidx.text.SystemCoreClockUpdate), (8 bytes).
    Removing system_nuc100series.o(.ARM.exidx.text.SystemInit), (8 bytes).
    Removing lcd.o(.text), (0 bytes).
    Removing lcd.o(.text.init_SPI3), (36 bytes).
    Removing lcd.o(.ARM.exidx.text.init_SPI3), (8 bytes).
    Removing lcd.o(.text.lcdWriteCommand), (44 bytes).
    Removing lcd.o(.ARM.exidx.text.lcdWriteCommand), (8 bytes).
    Removing lcd.o(.ARM.exidx.text.lcdWriteData), (8 bytes).
    Removing lcd.o(.ARM.exidx.text.lcdSetAddr), (8 bytes).
    Removing lcd.o(.text.init_LCD), (36 bytes).
    Removing lcd.o(.ARM.exidx.text.init_LCD), (8 bytes).
    Removing lcd.o(.text.clear_LCD), (76 bytes).
    Removing lcd.o(.ARM.exidx.text.clear_LCD), (8 bytes).
    Removing lcd.o(.ARM.exidx.text.printC), (8 bytes).
    Removing lcd.o(.ARM.exidx.text.printC_5x7), (8 bytes).
    Removing lcd.o(.text.print_Line), (36 bytes).
    Removing lcd.o(.ARM.exidx.text.print_Line), (8 bytes).
    Removing lcd.o(.ARM.exidx.text.printS), (8 bytes).
    Removing lcd.o(.ARM.exidx.text.printS_5x7), (8 bytes).
    Removing lcd.o(.text.draw_Bmp8x8), (82 bytes).
    Removing lcd.o(.ARM.exidx.text.draw_Bmp8x8), (8 bytes).
    Removing lcd.o(.ARM.exidx.text.draw_Pixel), (8 bytes).
    Removing lcd.o(.text.draw_Bmp32x8), (82 bytes).
    Removing lcd.o(.ARM.exidx.text.draw_Bmp32x8), (8 bytes).
    Removing lcd.o(.text.draw_Bmp120x8), (82 bytes).
    Removing lcd.o(.ARM.exidx.text.draw_Bmp120x8), (8 bytes).
    Removing lcd.o(.text.draw_Bmp8x16), (134 bytes).
    Removing lcd.o(.ARM.exidx.text.draw_Bmp8x16), (8 bytes).
    Removing lcd.o(.text.draw_Bmp16x8), (82 bytes).
    Removing lcd.o(.ARM.exidx.text.draw_Bmp16x8), (8 bytes).
    Removing lcd.o(.text.draw_Bmp16x16), (112 bytes).
    Removing lcd.o(.ARM.exidx.text.draw_Bmp16x16), (8 bytes).
    Removing lcd.o(.text.draw_Bmp16x24), (112 bytes).
    Removing lcd.o(.ARM.exidx.text.draw_Bmp16x24), (8 bytes).
    Removing lcd.o(.text.draw_Bmp16x32), (112 bytes).
    Removing lcd.o(.ARM.exidx.text.draw_Bmp16x32), (8 bytes).
    Removing lcd.o(.text.draw_Bmp16x40), (112 bytes).
    Removing lcd.o(.ARM.exidx.text.draw_Bmp16x40), (8 bytes).
    Removing lcd.o(.text.draw_Bmp16x48), (112 bytes).
    Removing lcd.o(.ARM.exidx.text.draw_Bmp16x48), (8 bytes).
    Removing lcd.o(.text.draw_Bmp16x64), (106 bytes).
    Removing lcd.o(.ARM.exidx.text.draw_Bmp16x64), (8 bytes).
    Removing lcd.o(.text.draw_Bmp32x16), (142 bytes).
    Removing lcd.o(.ARM.exidx.text.draw_Bmp32x16), (8 bytes).
    Removing lcd.o(.text.draw_Bmp32x32), (142 bytes).
    Removing lcd.o(.ARM.exidx.text.draw_Bmp32x32), (8 bytes).
    Removing lcd.o(.text.draw_Bmp32x48), (142 bytes).
    Removing lcd.o(.ARM.exidx.text.draw_Bmp32x48), (8 bytes).
    Removing lcd.o(.text.draw_Bmp32x64), (136 bytes).
    Removing lcd.o(.ARM.exidx.text.draw_Bmp32x64), (8 bytes).
    Removing lcd.o(.text.draw_Bmp64x64), (136 bytes).
    Removing lcd.o(.ARM.exidx.text.draw_Bmp64x64), (8 bytes).
    Removing lcd.o(.ARM.exidx.text.draw_LCD), (8 bytes).
    Removing clk.o(.text), (0 bytes).
    Removing clk.o(.text.CLK_DisableCKO), (16 bytes).
    Removing clk.o(.ARM.exidx.text.CLK_DisableCKO), (8 bytes).
    Removing clk.o(.text.CLK_DisableModuleClock), (36 bytes).
    Removing clk.o(.ARM.exidx.text.CLK_DisableModuleClock), (8 bytes).
    Removing clk.o(.text.CLK_EnableCKO), (36 bytes).
    Removing clk.o(.ARM.exidx.text.CLK_EnableCKO), (8 bytes).
    Removing clk.o(.text.CLK_EnableModuleClock), (36 bytes).
    Removing clk.o(.ARM.exidx.text.CLK_EnableModuleClock), (8 bytes).
    Removing clk.o(.text.CLK_SetModuleClock), (176 bytes).
    Removing clk.o(.ARM.exidx.text.CLK_SetModuleClock), (8 bytes).
    Removing clk.o(.text.CLK_PowerDown), (36 bytes).
    Removing clk.o(.ARM.exidx.text.CLK_PowerDown), (8 bytes).
    Removing clk.o(.text.CLK_Idle), (32 bytes).
    Removing clk.o(.ARM.exidx.text.CLK_Idle), (8 bytes).
    Removing clk.o(.text.CLK_GetHXTFreq), (24 bytes).
    Removing clk.o(.ARM.exidx.text.CLK_GetHXTFreq), (8 bytes).
    Removing clk.o(.text.CLK_GetLXTFreq), (20 bytes).
    Removing clk.o(.ARM.exidx.text.CLK_GetLXTFreq), (8 bytes).
    Removing clk.o(.text.CLK_GetHCLKFreq), (16 bytes).
    Removing clk.o(.ARM.exidx.text.CLK_GetHCLKFreq), (8 bytes).
    Removing clk.o(.text.CLK_GetPCLKFreq), (16 bytes).
    Removing clk.o(.ARM.exidx.text.CLK_GetPCLKFreq), (8 bytes).
    Removing clk.o(.text.CLK_GetCPUFreq), (16 bytes).
    Removing clk.o(.ARM.exidx.text.CLK_GetCPUFreq), (8 bytes).
    Removing clk.o(.text.CLK_SetCoreClock), (116 bytes).
    Removing clk.o(.ARM.exidx.text.CLK_SetCoreClock), (8 bytes).
    Removing clk.o(.text.CLK_EnablePLL), (436 bytes).
    Removing clk.o(.ARM.exidx.text.CLK_EnablePLL), (8 bytes).
    Removing clk.o(.text.CLK_SetHCLK), (68 bytes).
    Removing clk.o(.ARM.exidx.text.CLK_SetHCLK), (8 bytes).
    Removing clk.o(.text.CLK_SetSysTickClockSrc), (20 bytes).
    Removing clk.o(.ARM.exidx.text.CLK_SetSysTickClockSrc), (8 bytes).
    Removing clk.o(.text.CLK_EnableXtalRC), (16 bytes).
    Removing clk.o(.ARM.exidx.text.CLK_EnableXtalRC), (8 bytes).
    Removing clk.o(.text.CLK_DisableXtalRC), (16 bytes).
    Removing clk.o(.ARM.exidx.text.CLK_DisableXtalRC), (8 bytes).
    Removing clk.o(.text.CLK_WaitClockReady), (32 bytes).
    Removing clk.o(.ARM.exidx.text.CLK_WaitClockReady), (8 bytes).
    Removing clk.o(.text.CLK_DisablePLL), (20 bytes).
    Removing clk.o(.ARM.exidx.text.CLK_DisablePLL), (8 bytes).
    Removing clk.o(.rodata.cst16), (16 bytes).
    Removing spi.o(.text), (0 bytes).
    Removing spi.o(.text.SPI_Open), (368 bytes).
    Removing spi.o(.ARM.exidx.text.SPI_Open), (8 bytes).
    Removing spi.o(.text.CLK_GetPLLClockFreq), (88 bytes).
    Removing spi.o(.ARM.exidx.text.CLK_GetPLLClockFreq), (8 bytes).
    Removing spi.o(.text.SPI_Close), (108 bytes).
    Removing spi.o(.ARM.exidx.text.SPI_Close), (8 bytes).
    Removing spi.o(.text.SPI_ClearRxFIFO), (10 bytes).
    Removing spi.o(.ARM.exidx.text.SPI_ClearRxFIFO), (8 bytes).
    Removing spi.o(.text.SPI_ClearTxFIFO), (10 bytes).
    Removing spi.o(.ARM.exidx.text.SPI_ClearTxFIFO), (8 bytes).
    Removing spi.o(.text.SPI_DisableAutoSS), (10 bytes).
    Removing spi.o(.ARM.exidx.text.SPI_DisableAutoSS), (8 bytes).
    Removing spi.o(.text.SPI_EnableAutoSS), (18 bytes).
    Removing spi.o(.ARM.exidx.text.SPI_EnableAutoSS), (8 bytes).
    Removing spi.o(.text.SPI_SetBusClock), (288 bytes).
    Removing spi.o(.ARM.exidx.text.SPI_SetBusClock), (8 bytes).
    Removing spi.o(.text.SPI_EnableFIFO), (32 bytes).
    Removing spi.o(.ARM.exidx.text.SPI_EnableFIFO), (8 bytes).
    Removing spi.o(.text.SPI_DisableFIFO), (12 bytes).
    Removing spi.o(.ARM.exidx.text.SPI_DisableFIFO), (8 bytes).
    Removing spi.o(.text.SPI_GetBusClock), (100 bytes).
    Removing spi.o(.ARM.exidx.text.SPI_GetBusClock), (8 bytes).
    Removing spi.o(.text.SPI_EnableInt), (80 bytes).
    Removing spi.o(.ARM.exidx.text.SPI_EnableInt), (8 bytes).
    Removing spi.o(.text.SPI_DisableInt), (80 bytes).
    Removing spi.o(.ARM.exidx.text.SPI_DisableInt), (8 bytes).
    Removing spi.o(.text.SPI_GetIntFlag), (90 bytes).
    Removing spi.o(.ARM.exidx.text.SPI_GetIntFlag), (8 bytes).
    Removing spi.o(.text.SPI_ClearIntFlag), (48 bytes).
    Removing spi.o(.ARM.exidx.text.SPI_ClearIntFlag), (8 bytes).
    Removing spi.o(.text.SPI_GetStatus), (78 bytes).
    Removing spi.o(.ARM.exidx.text.SPI_GetStatus), (8 bytes).
    Removing gpio.o(.text), (0 bytes).
    Removing gpio.o(.text.GPIO_SetMode), (42 bytes).
    Removing gpio.o(.ARM.exidx.text.GPIO_SetMode), (8 bytes).
    Removing gpio.o(.text.GPIO_EnableInt), (28 bytes).
    Removing gpio.o(.ARM.exidx.text.GPIO_EnableInt), (8 bytes).
    Removing gpio.o(.text.GPIO_DisableInt), (28 bytes).
    Removing gpio.o(.ARM.exidx.text.GPIO_DisableInt), (8 bytes).
    Removing draw2d.o(.text), (0 bytes).
    Removing draw2d.o(.text.draw_Line), (210 bytes).
    Removing draw2d.o(.ARM.exidx.text.draw_Line), (8 bytes).
    Removing draw2d.o(.text.draw_Circle), (244 bytes).
    Removing draw2d.o(.ARM.exidx.text.draw_Circle), (8 bytes).
    Removing draw2d.o(.text.draw_Rectangle), (150 bytes).
    Removing draw2d.o(.ARM.exidx.text.draw_Rectangle), (8 bytes).
    Removing draw2d.o(.ARM.exidx.text.fill_Rectangle), (8 bytes).
    Removing draw2d.o(.text.draw_Triangle), (68 bytes).
    Removing draw2d.o(.ARM.exidx.text.draw_Triangle), (8 bytes).

186 unused section(s) (total 6576 bytes) removed from the image.

==============================================================================

Image Symbol Table

    Local Symbols

    Symbol Name                              Value     Ov Type        Size  Object(Section)

    ../Library/NUC100Series/Source/ARM/startup_NUC100Series.s 0x00000000   Number         0  startup_nuc100series.o ABSOLUTE
    ../clib/../cmprslib/zerorunl2.c          0x00000000   Number         0  __dczerorl2.o ABSOLUTE
    ../clib/angel/boardlib.s                 0x00000000   Number         0  boardinit1.o ABSOLUTE
    ../clib/angel/boardlib.s                 0x00000000   Number         0  boardinit2.o ABSOLUTE
    ../clib/angel/boardlib.s                 0x00000000   Number         0  boardinit3.o ABSOLUTE
    ../clib/angel/boardlib.s                 0x00000000   Number         0  boardshut.o ABSOLUTE
    ../clib/angel/handlers.s                 0x00000000   Number         0  __scatter_zi.o ABSOLUTE
    ../clib/angel/kernel.s                   0x00000000   Number         0  __rtentry.o ABSOLUTE
    ../clib/angel/kernel.s                   0x00000000   Number         0  __rtentry2.o ABSOLUTE
    ../clib/angel/kernel.s                   0x00000000   Number         0  __rtentry4.o ABSOLUTE
    ../clib/angel/kernel.s                   0x00000000   Number         0  rtexit.o ABSOLUTE
    ../clib/angel/kernel.s                   0x00000000   Number         0  rtexit2.o ABSOLUTE
    ../clib/angel/rt.s                       0x00000000   Number         0  aeabi_idiv0.o ABSOLUTE
    ../clib/angel/rt.s                       0x00000000   Number         0  aeabi_idiv0_sigfpe.o ABSOLUTE
    ../clib/angel/rt.s                       0x00000000   Number         0  rt_div0.o ABSOLUTE
    ../clib/angel/rt.s                       0x00000000   Number         0  rt_raise.o ABSOLUTE
    ../clib/angel/scatterp.s                 0x00000000   Number         0  __scatter.o ABSOLUTE
    ../clib/angel/startup.s                  0x00000000   Number         0  __main.o ABSOLUTE
    ../clib/angel/sys.s                      0x00000000   Number         0  sys_stackheap_outer.o ABSOLUTE
    ../clib/angel/sys.s                      0x00000000   Number         0  libspace.o ABSOLUTE
    ../clib/angel/sys.s                      0x00000000   Number         0  tempstk.o ABSOLUTE
    ../clib/angel/sys.s                      0x00000000   Number         0  use_no_semi.o ABSOLUTE
    ../clib/angel/sys.s                      0x00000000   Number         0  indicate_semi.o ABSOLUTE
    ../clib/angel/sysapp.c                   0x00000000   Number         0  sys_command.o ABSOLUTE
    ../clib/angel/sysapp.c                   0x00000000   Number         0  sys_command_hlt.o ABSOLUTE
    ../clib/angel/sysapp.c                   0x00000000   Number         0  sys_exit.o ABSOLUTE
    ../clib/angel/sysapp.c                   0x00000000   Number         0  sys_exit_hlt.o ABSOLUTE
    ../clib/angel/sysapp.c                   0x00000000   Number         0  sys_wrch.o ABSOLUTE
    ../clib/angel/sysapp.c                   0x00000000   Number         0  sys_wrch_hlt.o ABSOLUTE
    ../clib/armsys.c                         0x00000000   Number         0  argv_veneer.o ABSOLUTE
    ../clib/armsys.c                         0x00000000   Number         0  _get_argv_nomalloc.o ABSOLUTE
    ../clib/armsys.c                         0x00000000   Number         0  no_argv.o ABSOLUTE
    ../clib/division.c                       0x00000000   Number         0  rtudiv10.o ABSOLUTE
    ../clib/division.s                       0x00000000   Number         0  aeabi_sdiv.o ABSOLUTE
    ../clib/division.s                       0x00000000   Number         0  aeabi_sdiv_div0.o ABSOLUTE
    ../clib/heapalloc.c                      0x00000000   Number         0  hrguard.o ABSOLUTE
    ../clib/heapaux.c                        0x00000000   Number         0  heapauxi.o ABSOLUTE
    ../clib/libinit.s                        0x00000000   Number         0  libinit2.o ABSOLUTE
    ../clib/libinit.s                        0x00000000   Number         0  libinit.o ABSOLUTE
    ../clib/libinit.s                        0x00000000   Number         0  libshutdown.o ABSOLUTE
    ../clib/libinit.s                        0x00000000   Number         0  libshutdown2.o ABSOLUTE
    ../clib/printf.c                         0x00000000   Number         0  __2sprintf.o ABSOLUTE
    ../clib/printf.c                         0x00000000   Number         0  noretval__2sprintf.o ABSOLUTE
    ../clib/printf.c                         0x00000000   Number         0  __printf.o ABSOLUTE
    ../clib/printf.c                         0x00000000   Number         0  _printf_dec.o ABSOLUTE
    ../clib/printf.c                         0x00000000   Number         0  __printf_flags.o ABSOLUTE
    ../clib/printf.c                         0x00000000   Number         0  __printf_ss.o ABSOLUTE
    ../clib/printf.c                         0x00000000   Number         0  __printf_flags_ss.o ABSOLUTE
    ../clib/printf.c                         0x00000000   Number         0  __printf_wp.o ABSOLUTE
    ../clib/printf.c                         0x00000000   Number         0  __printf_flags_wp.o ABSOLUTE
    ../clib/printf.c                         0x00000000   Number         0  __printf_ss_wp.o ABSOLUTE
    ../clib/printf.c                         0x00000000   Number         0  __printf_flags_ss_wp.o ABSOLUTE
    ../clib/printf.c                         0x00000000   Number         0  _printf_intcommon.o ABSOLUTE
    ../clib/printf.c                         0x00000000   Number         0  _printf_char_common.o ABSOLUTE
    ../clib/printf.c                         0x00000000   Number         0  _sputc.o ABSOLUTE
    ../clib/printf.c                         0x00000000   Number         0  __printf_nopercent.o ABSOLUTE
    ../clib/printf_percent.s                 0x00000000   Number         0  _printf_d.o ABSOLUTE
    ../clib/printf_percent.s                 0x00000000   Number         0  _printf_percent.o ABSOLUTE
    ../clib/printf_percent.s                 0x00000000   Number         0  _printf_percent_end.o ABSOLUTE
    ../clib/signal.c                         0x00000000   Number         0  defsig_fpe_outer.o ABSOLUTE
    ../clib/signal.c                         0x00000000   Number         0  defsig_fpe_formal.o ABSOLUTE
    ../clib/signal.c                         0x00000000   Number         0  defsig_exit.o ABSOLUTE
    ../clib/signal.c                         0x00000000   Number         0  defsig_fpe_inner.o ABSOLUTE
    ../clib/signal.c                         0x00000000   Number         0  defsig_rtmem_outer.o ABSOLUTE
    ../clib/signal.c                         0x00000000   Number         0  defsig_rtmem_formal.o ABSOLUTE
    ../clib/signal.c                         0x00000000   Number         0  __raise.o ABSOLUTE
    ../clib/signal.c                         0x00000000   Number         0  defsig_general.o ABSOLUTE
    ../clib/signal.c                         0x00000000   Number         0  defsig_rtmem_inner.o ABSOLUTE
    ../clib/signal.c                         0x00000000   Number         0  defsig_abrt_inner.o ABSOLUTE
    ../clib/signal.c                         0x00000000   Number         0  defsig_rtred_inner.o ABSOLUTE
    ../clib/signal.c                         0x00000000   Number         0  defsig_stak_inner.o ABSOLUTE
    ../clib/signal.c                         0x00000000   Number         0  defsig_pvfn_inner.o ABSOLUTE
    ../clib/signal.c                         0x00000000   Number         0  defsig_cppl_inner.o ABSOLUTE
    ../clib/signal.c                         0x00000000   Number         0  defsig_segv_inner.o ABSOLUTE
    ../clib/signal.c                         0x00000000   Number         0  defsig_other.o ABSOLUTE
    ../clib/signal.s                         0x00000000   Number         0  defsig.o ABSOLUTE
    ../clib/stdlib.c                         0x00000000   Number         0  rand.o ABSOLUTE
    ../clib/stdlib.c                         0x00000000   Number         0  rand.o ABSOLUTE
    ../clib/stdlib.c                         0x00000000   Number         0  exit.o ABSOLUTE
    ../clib/string.c                         0x00000000   Number         0  strlen.o ABSOLUTE
    ../fplib/cfplib/fpinit.c                 0x00000000   Number         0  fpinit.o ABSOLUTE
    Draw2D.c                                 0x00000000   Number         0  draw2d.o ABSOLUTE
    LCD.c                                    0x00000000   Number         0  lcd.o ABSOLUTE
    clk.c                                    0x00000000   Number         0  clk.o ABSOLUTE
    dc.s                                     0x00000000   Number         0  dc.o ABSOLUTE
    gpio.c                                   0x00000000   Number         0  gpio.o ABSOLUTE
    main.c                                   0x00000000   Number         0  main.o ABSOLUTE
    spi.c                                    0x00000000   Number         0  spi.o ABSOLUTE
    system_NUC100Series.c                    0x00000000   Number         0  system_nuc100series.o ABSOLUTE
    RESET                                    0x00000000   Section      192  startup_nuc100series.o(RESET)
    !!!main                                  0x000000c0   Section        8  __main.o(!!!main)
    !!!scatter                               0x000000c8   Section       60  __scatter.o(!!!scatter)
    !!handler_zi                             0x00000104   Section       28  __scatter_zi.o(!!handler_zi)
    .ARM.Collect$$_printf_percent$$00000000  0x00000120   Section        2  _printf_percent.o(.ARM.Collect$$_printf_percent$$00000000)
    .ARM.Collect$$_printf_percent$$00000009  0x00000122   Section       10  _printf_d.o(.ARM.Collect$$_printf_percent$$00000009)
    .ARM.Collect$$_printf_percent$$00000017  0x0000012c   Section        4  _printf_percent_end.o(.ARM.Collect$$_printf_percent$$00000017)
    .ARM.Collect$$libinit$$00000000          0x00000130   Section        2  libinit.o(.ARM.Collect$$libinit$$00000000)
    .ARM.Collect$$libinit$$00000002          0x00000132   Section        0  libinit2.o(.ARM.Collect$$libinit$$00000002)
    .ARM.Collect$$libinit$$00000004          0x00000132   Section        0  libinit2.o(.ARM.Collect$$libinit$$00000004)
    .ARM.Collect$$libinit$$0000000A          0x00000132   Section        0  libinit2.o(.ARM.Collect$$libinit$$0000000A)
    .ARM.Collect$$libinit$$0000000C          0x00000132   Section        0  libinit2.o(.ARM.Collect$$libinit$$0000000C)
    .ARM.Collect$$libinit$$0000000D          0x00000132   Section        4  libinit2.o(.ARM.Collect$$libinit$$0000000D)
    .ARM.Collect$$libinit$$0000000E          0x00000136   Section        0  libinit2.o(.ARM.Collect$$libinit$$0000000E)
    .ARM.Collect$$libinit$$00000011          0x00000136   Section        0  libinit2.o(.ARM.Collect$$libinit$$00000011)
    .ARM.Collect$$libinit$$00000013          0x00000136   Section        0  libinit2.o(.ARM.Collect$$libinit$$00000013)
    .ARM.Collect$$libinit$$00000015          0x00000136   Section        0  libinit2.o(.ARM.Collect$$libinit$$00000015)
    .ARM.Collect$$libinit$$00000017          0x00000136   Section        0  libinit2.o(.ARM.Collect$$libinit$$00000017)
    .ARM.Collect$$libinit$$00000019          0x00000136   Section        0  libinit2.o(.ARM.Collect$$libinit$$00000019)
    .ARM.Collect$$libinit$$0000001B          0x00000136   Section        0  libinit2.o(.ARM.Collect$$libinit$$0000001B)
    .ARM.Collect$$libinit$$0000001D          0x00000136   Section        0  libinit2.o(.ARM.Collect$$libinit$$0000001D)
    .ARM.Collect$$libinit$$0000001F          0x00000136   Section        0  libinit2.o(.ARM.Collect$$libinit$$0000001F)
    .ARM.Collect$$libinit$$00000021          0x00000136   Section        0  libinit2.o(.ARM.Collect$$libinit$$00000021)
    .ARM.Collect$$libinit$$00000023          0x00000136   Section        0  libinit2.o(.ARM.Collect$$libinit$$00000023)
    .ARM.Collect$$libinit$$00000025          0x00000136   Section        0  libinit2.o(.ARM.Collect$$libinit$$00000025)
    .ARM.Collect$$libinit$$0000002C          0x00000136   Section        0  libinit2.o(.ARM.Collect$$libinit$$0000002C)
    .ARM.Collect$$libinit$$0000002E          0x00000136   Section        0  libinit2.o(.ARM.Collect$$libinit$$0000002E)
    .ARM.Collect$$libinit$$00000030          0x00000136   Section        0  libinit2.o(.ARM.Collect$$libinit$$00000030)
    .ARM.Collect$$libinit$$00000032          0x00000136   Section        0  libinit2.o(.ARM.Collect$$libinit$$00000032)
    .ARM.Collect$$libinit$$00000033          0x00000136   Section        2  libinit2.o(.ARM.Collect$$libinit$$00000033)
    .ARM.Collect$$libshutdown$$00000000      0x00000138   Section        2  libshutdown.o(.ARM.Collect$$libshutdown$$00000000)
    .ARM.Collect$$libshutdown$$00000002      0x0000013a   Section        0  libshutdown2.o(.ARM.Collect$$libshutdown$$00000002)
    .ARM.Collect$$libshutdown$$00000004      0x0000013a   Section        0  libshutdown2.o(.ARM.Collect$$libshutdown$$00000004)
    .ARM.Collect$$libshutdown$$00000007      0x0000013a   Section        0  libshutdown2.o(.ARM.Collect$$libshutdown$$00000007)
    .ARM.Collect$$libshutdown$$0000000A      0x0000013a   Section        0  libshutdown2.o(.ARM.Collect$$libshutdown$$0000000A)
    .ARM.Collect$$libshutdown$$0000000C      0x0000013a   Section        0  libshutdown2.o(.ARM.Collect$$libshutdown$$0000000C)
    .ARM.Collect$$libshutdown$$0000000F      0x0000013a   Section        0  libshutdown2.o(.ARM.Collect$$libshutdown$$0000000F)
    .ARM.Collect$$libshutdown$$00000010      0x0000013a   Section        2  libshutdown2.o(.ARM.Collect$$libshutdown$$00000010)
    .ARM.Collect$$rtentry$$00000000          0x0000013c   Section        0  __rtentry.o(.ARM.Collect$$rtentry$$00000000)
    .ARM.Collect$$rtentry$$00000002          0x0000013c   Section        0  __rtentry2.o(.ARM.Collect$$rtentry$$00000002)
    .ARM.Collect$$rtentry$$00000004          0x0000013c   Section        6  __rtentry4.o(.ARM.Collect$$rtentry$$00000004)
    .ARM.Collect$$rtentry$$00000009          0x00000142   Section        0  __rtentry2.o(.ARM.Collect$$rtentry$$00000009)
    .ARM.Collect$$rtentry$$0000000A          0x00000142   Section        4  __rtentry2.o(.ARM.Collect$$rtentry$$0000000A)
    .ARM.Collect$$rtentry$$0000000C          0x00000146   Section        0  __rtentry2.o(.ARM.Collect$$rtentry$$0000000C)
    .ARM.Collect$$rtentry$$0000000D          0x00000146   Section        8  __rtentry2.o(.ARM.Collect$$rtentry$$0000000D)
    .ARM.Collect$$rtexit$$00000000           0x0000014e   Section        2  rtexit.o(.ARM.Collect$$rtexit$$00000000)
    .ARM.Collect$$rtexit$$00000002           0x00000150   Section        0  rtexit2.o(.ARM.Collect$$rtexit$$00000002)
    .ARM.Collect$$rtexit$$00000003           0x00000150   Section        4  rtexit2.o(.ARM.Collect$$rtexit$$00000003)
    .ARM.Collect$$rtexit$$00000004           0x00000154   Section        6  rtexit2.o(.ARM.Collect$$rtexit$$00000004)
    .emb_text                                0x0000015c   Section       56  rand.o(.emb_text)
    .text                                    0x00000194   Section      100  startup_nuc100series.o(.text)
    Default_Handler                          0x000001bf   Thumb Code     2  startup_nuc100series.o(.text)
    .text                                    0x000001f8   Section        0  noretval__2sprintf.o(.text)
    .text                                    0x00000220   Section        0  __printf.o(.text)
    .text                                    0x0000028c   Section        0  _printf_dec.o(.text)
    .text                                    0x000002f8   Section        0  rand.o(.text)
    .text                                    0x00000334   Section        0  strlen.o(.text)
    .text                                    0x00000378   Section      364  aeabi_sdiv.o(.text)
    .text                                    0x000004e4   Section        0  heapauxi.o(.text)
    .text                                    0x000004ea   Section        0  _printf_intcommon.o(.text)
    _printf_input_char                       0x0000059d   Thumb Code    10  _printf_char_common.o(.text)
    .text                                    0x0000059c   Section        0  _printf_char_common.o(.text)
    .text                                    0x000005cc   Section        0  _sputc.o(.text)
    .text                                    0x000005d6   Section        0  rtudiv10.o(.text)
    .text                                    0x000005fe   Section       62  sys_stackheap_outer.o(.text)
    .text                                    0x0000063c   Section        0  exit.o(.text)
    .text                                    0x0000064c   Section        8  libspace.o(.text)
    .text                                    0x00000654   Section        0  sys_exit.o(.text)
    .text                                    0x00000660   Section        2  use_no_semi.o(.text)
    .text                                    0x00000662   Section        0  indicate_semi.o(.text)
    .text                                    0x00000662   Section        0  __dczerorl2.o(.text)
    CLK_SysTickDelay                         0x000006b9   Thumb Code    36  main.o(.text.CLK_SysTickDelay)
    [Anonymous Symbol]                       0x000006b8   Section        0  main.o(.text.CLK_SysTickDelay)
    __arm_cp.6_0                             0x000006d4   Number         4  main.o(.text.CLK_SysTickDelay)
    __arm_cp.6_1                             0x000006d8   Number         4  main.o(.text.CLK_SysTickDelay)
    [Anonymous Symbol]                       0x000006dc   Section        0  main.o(.text.Draw)
    [Anonymous Symbol]                       0x00000718   Section        0  main.o(.text.EINT1_IRQHandler)
    __arm_cp.28_0                            0x00000734   Number         4  main.o(.text.EINT1_IRQHandler)
    __arm_cp.28_2                            0x00000738   Number         4  main.o(.text.EINT1_IRQHandler)
    [Anonymous Symbol]                       0x0000073c   Section        0  main.o(.text.FruitBombSetting)
    [Anonymous Symbol]                       0x00000790   Section        0  main.o(.text.KeyPadScanning)
    __arm_cp.7_0                             0x00000818   Number         4  main.o(.text.KeyPadScanning)
    [Anonymous Symbol]                       0x0000081c   Section        0  main.o(.text.LCD_SetAddress)
    [Anonymous Symbol]                       0x00000838   Section        0  main.o(.text.LCD_clear)
    [Anonymous Symbol]                       0x00000858   Section        0  main.o(.text.LCD_command)
    [Anonymous Symbol]                       0x00000878   Section        0  main.o(.text.LCD_data)
    [Anonymous Symbol]                       0x0000089c   Section        0  main.o(.text.LCD_start)
    __arm_cp.3_0                             0x000008c0   Number         4  main.o(.text.LCD_start)
    [Anonymous Symbol]                       0x000008c4   Section        0  main.o(.text.SPI3_Config)
    __arm_cp.2_0                             0x0000093c   Number         4  main.o(.text.SPI3_Config)
    __arm_cp.2_1                             0x00000940   Number         4  main.o(.text.SPI3_Config)
    [Anonymous Symbol]                       0x00000944   Section        0  main.o(.text.SetupBomb)
    [Anonymous Symbol]                       0x000009a4   Section        0  main.o(.text.SetupFruit)
    __arm_cp.9_0                             0x000009f4   Number         4  main.o(.text.SetupFruit)
    __arm_cp.9_1                             0x000009f8   Number         4  main.o(.text.SetupFruit)
    __arm_cp.9_2                             0x000009fc   Number         4  main.o(.text.SetupFruit)
    __arm_cp.9_3                             0x00000a00   Number         4  main.o(.text.SetupFruit)
    __arm_cp.9_4                             0x00000a04   Number         4  main.o(.text.SetupFruit)
    [Anonymous Symbol]                       0x00000a08   Section        0  system_nuc100series.o(.text.SystemInit)
    [Anonymous Symbol]                       0x00000a0c   Section        0  main.o(.text.System_Config)
    __arm_cp.1_0                             0x00000ad4   Number         4  main.o(.text.System_Config)
    __arm_cp.1_1                             0x00000ad8   Number         4  main.o(.text.System_Config)
    __arm_cp.1_2                             0x00000adc   Number         4  main.o(.text.System_Config)
    __arm_cp.1_3                             0x00000ae0   Number         4  main.o(.text.System_Config)
    __arm_cp.1_4                             0x00000ae4   Number         4  main.o(.text.System_Config)
    __arm_cp.1_5                             0x00000ae8   Number         4  main.o(.text.System_Config)
    __arm_cp.1_6                             0x00000aec   Number         4  main.o(.text.System_Config)
    __arm_cp.1_7                             0x00000af0   Number         4  main.o(.text.System_Config)
    [Anonymous Symbol]                       0x00000af4   Section        0  main.o(.text.Timer_Config)
    __arm_cp.5_0                             0x00000ba8   Number         4  main.o(.text.Timer_Config)
    __arm_cp.5_1                             0x00000bac   Number         4  main.o(.text.Timer_Config)
    __arm_cp.5_2                             0x00000bb0   Number         4  main.o(.text.Timer_Config)
    __arm_cp.5_3                             0x00000bb4   Number         4  main.o(.text.Timer_Config)
    __arm_cp.5_4                             0x00000bb8   Number         4  main.o(.text.Timer_Config)
    [Anonymous Symbol]                       0x00000bbc   Section        0  main.o(.text.control)
    __arm_cp.30_0                            0x00000c34   Number         4  main.o(.text.control)
    [Anonymous Symbol]                       0x00000c38   Section        0  main.o(.text.difficult_LCD)
    __arm_cp.20_2                            0x00000c84   Number         4  main.o(.text.difficult_LCD)
    [Anonymous Symbol]                       0x00000ca8   Section        0  lcd.o(.text.draw_LCD)
    [Anonymous Symbol]                       0x00000ce0   Section        0  lcd.o(.text.draw_Pixel)
    __arm_cp.12_0                            0x00000d30   Number         4  lcd.o(.text.draw_Pixel)
    [Anonymous Symbol]                       0x00000d34   Section        0  main.o(.text.endGameLCD)
    __arm_cp.13_2                            0x00000dec   Number         4  main.o(.text.endGameLCD)
    __arm_cp.13_5                            0x00000e08   Number         4  main.o(.text.endGameLCD)
    __arm_cp.13_6                            0x00000e0c   Number         4  main.o(.text.endGameLCD)
    __arm_cp.13_7                            0x00000e10   Number         4  main.o(.text.endGameLCD)
    __arm_cp.13_8                            0x00000e14   Number         4  main.o(.text.endGameLCD)
    [Anonymous Symbol]                       0x00000e64   Section        0  draw2d.o(.text.fill_Rectangle)
    [Anonymous Symbol]                       0x00000ebc   Section        0  main.o(.text.getPenalty)
    __arm_cp.24_0                            0x00000f50   Number         4  main.o(.text.getPenalty)
    __arm_cp.24_2                            0x00000f5c   Number         4  main.o(.text.getPenalty)
    __arm_cp.24_4                            0x00000f68   Number         4  main.o(.text.getPenalty)
    [Anonymous Symbol]                       0x00000f74   Section        0  main.o(.text.howToPlay_Screen)
    __arm_cp.16_1                            0x00000fc8   Number         4  main.o(.text.howToPlay_Screen)
    [Anonymous Symbol]                       0x00001038   Section        0  main.o(.text.howToPlay_Screen_cont)
    __arm_cp.17_1                            0x0000108c   Number         4  main.o(.text.howToPlay_Screen_cont)
    [Anonymous Symbol]                       0x0000110c   Section        0  lcd.o(.text.lcdSetAddr)
    [Anonymous Symbol]                       0x00001178   Section        0  lcd.o(.text.lcdWriteData)
    __arm_cp.2_0                             0x000011a4   Number         4  lcd.o(.text.lcdWriteData)
    [Anonymous Symbol]                       0x000011a8   Section        0  main.o(.text.main)
    __arm_cp.0_0                             0x00001468   Number         4  main.o(.text.main)
    __arm_cp.0_1                             0x0000146c   Number         4  main.o(.text.main)
    __arm_cp.0_2                             0x00001470   Number         4  main.o(.text.main)
    __arm_cp.0_5                             0x00001474   Number         4  main.o(.text.main)
    __arm_cp.0_6                             0x00001478   Number         4  main.o(.text.main)
    __arm_cp.0_8                             0x0000147c   Number         4  main.o(.text.main)
    __arm_cp.0_9                             0x00001480   Number         4  main.o(.text.main)
    [Anonymous Symbol]                       0x00001484   Section        0  main.o(.text.pointHandler)
    __arm_cp.23_0                            0x000014e0   Number         4  main.o(.text.pointHandler)
    __arm_cp.23_1                            0x000014e4   Number         4  main.o(.text.pointHandler)
    [Anonymous Symbol]                       0x000014e8   Section        0  lcd.o(.text.printC)
    __arm_cp.6_0                             0x0000154c   Number         4  lcd.o(.text.printC)
    __arm_cp.6_1                             0x00001550   Number         4  lcd.o(.text.printC)
    [Anonymous Symbol]                       0x00001554   Section        0  lcd.o(.text.printC_5x7)
    __arm_cp.7_0                             0x000015ac   Number         4  lcd.o(.text.printC_5x7)
    [Anonymous Symbol]                       0x000015b0   Section        0  lcd.o(.text.printS)
    [Anonymous Symbol]                       0x000015da   Section        0  lcd.o(.text.printS_5x7)
    [Anonymous Symbol]                       0x00001604   Section        0  main.o(.text.resetGame)
    __arm_cp.29_2                            0x00001668   Number         4  main.o(.text.resetGame)
    __arm_cp.29_3                            0x0000166c   Number         4  main.o(.text.resetGame)
    [Anonymous Symbol]                       0x00001670   Section        0  main.o(.text.setDuration)
    __arm_cp.31_0                            0x00001698   Number         4  main.o(.text.setDuration)
    __arm_cp.31_2                            0x0000169c   Number         4  main.o(.text.setDuration)
    [Anonymous Symbol]                       0x000016a0   Section        0  main.o(.text.snakeEat)
    __arm_cp.22_0                            0x00001824   Number         4  main.o(.text.snakeEat)
    __arm_cp.22_1                            0x00001828   Number         4  main.o(.text.snakeEat)
    __arm_cp.22_2                            0x0000182c   Number         4  main.o(.text.snakeEat)
    [Anonymous Symbol]                       0x00001830   Section        0  main.o(.text.snakeEatItself)
    __arm_cp.19_2                            0x00001898   Number         4  main.o(.text.snakeEatItself)
    [Anonymous Symbol]                       0x0000189c   Section        0  main.o(.text.snakeGrowUp)
    __arm_cp.14_0                            0x000019ac   Number         4  main.o(.text.snakeGrowUp)
    __arm_cp.14_1                            0x000019b0   Number         4  main.o(.text.snakeGrowUp)
    __arm_cp.14_2                            0x000019b4   Number         4  main.o(.text.snakeGrowUp)
    [Anonymous Symbol]                       0x000019b8   Section        0  main.o(.text.snakeMove)
    __arm_cp.25_0                            0x00001a84   Number         4  main.o(.text.snakeMove)
    __arm_cp.25_2                            0x00001a88   Number         4  main.o(.text.snakeMove)
    [Anonymous Symbol]                       0x00001a8c   Section        0  main.o(.text.statistic_GameLCD)
    __arm_cp.10_0                            0x00001ae4   Number         4  main.o(.text.statistic_GameLCD)
    __arm_cp.10_1                            0x00001ae8   Number         4  main.o(.text.statistic_GameLCD)
    __arm_cp.10_4                            0x00001af4   Number         4  main.o(.text.statistic_GameLCD)
    __arm_cp.10_6                            0x00001af8   Number         4  main.o(.text.statistic_GameLCD)
    __arm_cp.10_8                            0x00001afc   Number         4  main.o(.text.statistic_GameLCD)
    [Anonymous Symbol]                       0x00001b00   Section        0  main.o(.text.timeUpdate)
    __arm_cp.12_0                            0x00001c28   Number         4  main.o(.text.timeUpdate)
    [Anonymous Symbol]                       0x00001c2c   Section        0  main.o(.text.turnNormal)
    __arm_cp.15_0                            0x00001c4c   Number         4  main.o(.text.turnNormal)
    __arm_cp.15_1                            0x00001c50   Number         4  main.o(.text.turnNormal)
    [Anonymous Symbol]                       0x00001c54   Section        0  main.o(.text.update_Bodysnake)
    __arm_cp.26_0                            0x00001c7c   Number         4  main.o(.text.update_Bodysnake)
    __arm_cp.26_1                            0x00001c80   Number         4  main.o(.text.update_Bodysnake)
    [Anonymous Symbol]                       0x00001c84   Section        0  main.o(.text.update_Headsnake)
    __arm_cp.27_1                            0x00001ca0   Number         4  main.o(.text.update_Headsnake)
    [Anonymous Symbol]                       0x00001ca4   Section        0  main.o(.text.welcome_LCD)
    __arm_cp.21_2                            0x00001d14   Number         4  main.o(.text.welcome_LCD)
    __arm_cp.21_4                            0x00001d28   Number         4  main.o(.text.welcome_LCD)
    __arm_cp.21_6                            0x00001d38   Number         4  main.o(.text.welcome_LCD)
    __arm_cp.21_7                            0x00001d3c   Number         4  main.o(.text.welcome_LCD)
    Font5x7                                  0x00001d40   Data         480  lcd.o(.rodata.Font5x7)
    [Anonymous Symbol]                       0x00001d40   Section        0  lcd.o(.rodata.Font5x7)
    .L.str.5                                 0x00001f88   Data           3  main.o(.rodata.str1.1)
    [Anonymous Symbol]                       0x00001f88   Section        0  main.o(.rodata.str1.1)
    .L.str                                   0x00001f8b   Data           3  main.o(.rodata.str1.1)
    .L.str.39                                0x00001f8c   Data           2  main.o(.rodata.str1.1)
    .L.str.2                                 0x00001f8e   Data           2  main.o(.rodata.str1.1)
    .L.str.6                                 0x00001f90   Data           3  main.o(.rodata.str1.1)
    .L.str.4                                 0x00001f93   Data           8  main.o(.rodata.str1.1)
    .L.str.1                                 0x00001f9b   Data          31  main.o(.rodata.str1.1)
    [Anonymous Symbol]                       0x20000000   Section        0  main.o(.data..L_MergedGlobals)
    [Anonymous Symbol]                       0x2000001c   Section        0  system_nuc100series.o(.data..L_MergedGlobals)
    .bss                                     0x20002638   Section      228  rand.o(.bss)
    .bss                                     0x2000271c   Section       96  libspace.o(.bss)
    [Anonymous Symbol]                       0x2000277c   Section        0  main.o(.bss..L_MergedGlobals.40)
    Heap_Mem                                 0x20002da8   Data           0  startup_nuc100series.o(HEAP)
    Stack_Mem                                0x20002da8   Data        1024  startup_nuc100series.o(STACK)
    HEAP                                     0x20002da8   Section        0  startup_nuc100series.o(HEAP)
    STACK                                    0x20002da8   Section     1024  startup_nuc100series.o(STACK)
    __initial_sp                             0x200031a8   Data           0  startup_nuc100series.o(STACK)

    Global Symbols

    Symbol Name                              Value     Ov Type        Size  Object(Section)

    BuildAttributes$$THM_ISAv3M$S$PE$A:L22$X:L11$S22$IEEE1$IW$~IW$USESV6$~STKCKD$USESV7$~SHL$OSPACE$ROPI$EBA8$UX$STANDARDLIB$REQ8$PRES8$EABIv2 0x00000000   Number         0  anon$$obj.o ABSOLUTE
    __Vectors                                0x00000000   Data           4  startup_nuc100series.o(RESET)
    __ARM_exceptions_init                     - Undefined Weak Reference
    __alloca_initialize                       - Undefined Weak Reference
    __arm_preinit_                            - Undefined Weak Reference
    __cpp_initialize__aeabi_                  - Undefined Weak Reference
    __cxa_finalize                            - Undefined Weak Reference
    __rt_locale                               - Undefined Weak Reference
    __sigvec_lookup                           - Undefined Weak Reference
    _atexit_init                              - Undefined Weak Reference
    _call_atexit_fns                          - Undefined Weak Reference
    _clock_init                               - Undefined Weak Reference
    _fp_trap_init                             - Undefined Weak Reference
    _fp_trap_shutdown                         - Undefined Weak Reference
    _get_lc_collate                           - Undefined Weak Reference
    _get_lc_ctype                             - Undefined Weak Reference
    _get_lc_monetary                          - Undefined Weak Reference
    _get_lc_numeric                           - Undefined Weak Reference
    _get_lc_time                              - Undefined Weak Reference
    _getenv_init                              - Undefined Weak Reference
    _handle_redirection                       - Undefined Weak Reference
    _init_alloc                               - Undefined Weak Reference
    _init_user_alloc                          - Undefined Weak Reference
    _initio                                   - Undefined Weak Reference
    _printf_post_padding                      - Undefined Weak Reference
    _printf_pre_padding                       - Undefined Weak Reference
    _printf_truncate_signed                   - Undefined Weak Reference
    _printf_truncate_unsigned                 - Undefined Weak Reference
    _signal_finish                            - Undefined Weak Reference
    _signal_init                              - Undefined Weak Reference
    _terminate_alloc                          - Undefined Weak Reference
    _terminate_user_alloc                     - Undefined Weak Reference
    _terminateio                              - Undefined Weak Reference
    __main                                   0x000000c1   Thumb Code     8  __main.o(!!!main)
    __scatterload                            0x000000c9   Thumb Code     0  __scatter.o(!!!scatter)
    __scatterload_rt2                        0x000000c9   Thumb Code    52  __scatter.o(!!!scatter)
    __scatterload_rt2_thumb_only             0x000000c9   Thumb Code     0  __scatter.o(!!!scatter)
    __scatterload_null                       0x000000d9   Thumb Code     0  __scatter.o(!!!scatter)
    __scatterload_zeroinit                   0x00000105   Thumb Code    28  __scatter_zi.o(!!handler_zi)
    _printf_percent                          0x00000121   Thumb Code     0  _printf_percent.o(.ARM.Collect$$_printf_percent$$00000000)
    _printf_d                                0x00000123   Thumb Code     0  _printf_d.o(.ARM.Collect$$_printf_percent$$00000009)
    _printf_percent_end                      0x0000012d   Thumb Code     0  _printf_percent_end.o(.ARM.Collect$$_printf_percent$$00000017)
    __rt_lib_init                            0x00000131   Thumb Code     0  libinit.o(.ARM.Collect$$libinit$$00000000)
    __rt_lib_init_fp_1                       0x00000133   Thumb Code     0  libinit2.o(.ARM.Collect$$libinit$$00000002)
    __rt_lib_init_heap_1                     0x00000133   Thumb Code     0  libinit2.o(.ARM.Collect$$libinit$$0000000A)
    __rt_lib_init_preinit_1                  0x00000133   Thumb Code     0  libinit2.o(.ARM.Collect$$libinit$$00000004)
    __rt_lib_init_rand_2                     0x00000133   Thumb Code     0  libinit2.o(.ARM.Collect$$libinit$$0000000D)
    __rt_lib_init_user_alloc_1               0x00000133   Thumb Code     0  libinit2.o(.ARM.Collect$$libinit$$0000000C)
    __rt_lib_init_alloca_1                   0x00000137   Thumb Code     0  libinit2.o(.ARM.Collect$$libinit$$0000002E)
    __rt_lib_init_argv_1                     0x00000137   Thumb Code     0  libinit2.o(.ARM.Collect$$libinit$$0000002C)
    __rt_lib_init_atexit_1                   0x00000137   Thumb Code     0  libinit2.o(.ARM.Collect$$libinit$$0000001B)
    __rt_lib_init_clock_1                    0x00000137   Thumb Code     0  libinit2.o(.ARM.Collect$$libinit$$00000021)
    __rt_lib_init_cpp_1                      0x00000137   Thumb Code     0  libinit2.o(.ARM.Collect$$libinit$$00000032)
    __rt_lib_init_exceptions_1               0x00000137   Thumb Code     0  libinit2.o(.ARM.Collect$$libinit$$00000030)
    __rt_lib_init_fp_trap_1                  0x00000137   Thumb Code     0  libinit2.o(.ARM.Collect$$libinit$$0000001F)
    __rt_lib_init_getenv_1                   0x00000137   Thumb Code     0  libinit2.o(.ARM.Collect$$libinit$$00000023)
    __rt_lib_init_lc_collate_1               0x00000137   Thumb Code     0  libinit2.o(.ARM.Collect$$libinit$$00000011)
    __rt_lib_init_lc_ctype_1                 0x00000137   Thumb Code     0  libinit2.o(.ARM.Collect$$libinit$$00000013)
    __rt_lib_init_lc_monetary_1              0x00000137   Thumb Code     0  libinit2.o(.ARM.Collect$$libinit$$00000015)
    __rt_lib_init_lc_numeric_1               0x00000137   Thumb Code     0  libinit2.o(.ARM.Collect$$libinit$$00000017)
    __rt_lib_init_lc_time_1                  0x00000137   Thumb Code     0  libinit2.o(.ARM.Collect$$libinit$$00000019)
    __rt_lib_init_rand_1                     0x00000137   Thumb Code     0  libinit2.o(.ARM.Collect$$libinit$$0000000E)
    __rt_lib_init_return                     0x00000137   Thumb Code     0  libinit2.o(.ARM.Collect$$libinit$$00000033)
    __rt_lib_init_signal_1                   0x00000137   Thumb Code     0  libinit2.o(.ARM.Collect$$libinit$$0000001D)
    __rt_lib_init_stdio_1                    0x00000137   Thumb Code     0  libinit2.o(.ARM.Collect$$libinit$$00000025)
    __rt_lib_shutdown                        0x00000139   Thumb Code     0  libshutdown.o(.ARM.Collect$$libshutdown$$00000000)
    __rt_lib_shutdown_cpp_1                  0x0000013b   Thumb Code     0  libshutdown2.o(.ARM.Collect$$libshutdown$$00000002)
    __rt_lib_shutdown_fp_trap_1              0x0000013b   Thumb Code     0  libshutdown2.o(.ARM.Collect$$libshutdown$$00000007)
    __rt_lib_shutdown_heap_1                 0x0000013b   Thumb Code     0  libshutdown2.o(.ARM.Collect$$libshutdown$$0000000F)
    __rt_lib_shutdown_return                 0x0000013b   Thumb Code     0  libshutdown2.o(.ARM.Collect$$libshutdown$$00000010)
    __rt_lib_shutdown_signal_1               0x0000013b   Thumb Code     0  libshutdown2.o(.ARM.Collect$$libshutdown$$0000000A)
    __rt_lib_shutdown_stdio_1                0x0000013b   Thumb Code     0  libshutdown2.o(.ARM.Collect$$libshutdown$$00000004)
    __rt_lib_shutdown_user_alloc_1           0x0000013b   Thumb Code     0  libshutdown2.o(.ARM.Collect$$libshutdown$$0000000C)
    __rt_entry                               0x0000013d   Thumb Code     0  __rtentry.o(.ARM.Collect$$rtentry$$00000000)
    __rt_entry_presh_1                       0x0000013d   Thumb Code     0  __rtentry2.o(.ARM.Collect$$rtentry$$00000002)
    __rt_entry_sh                            0x0000013d   Thumb Code     0  __rtentry4.o(.ARM.Collect$$rtentry$$00000004)
    __rt_entry_li                            0x00000143   Thumb Code     0  __rtentry2.o(.ARM.Collect$$rtentry$$0000000A)
    __rt_entry_postsh_1                      0x00000143   Thumb Code     0  __rtentry2.o(.ARM.Collect$$rtentry$$00000009)
    __rt_entry_main                          0x00000147   Thumb Code     0  __rtentry2.o(.ARM.Collect$$rtentry$$0000000D)
    __rt_entry_postli_1                      0x00000147   Thumb Code     0  __rtentry2.o(.ARM.Collect$$rtentry$$0000000C)
    __rt_exit                                0x0000014f   Thumb Code     0  rtexit.o(.ARM.Collect$$rtexit$$00000000)
    __rt_exit_ls                             0x00000151   Thumb Code     0  rtexit2.o(.ARM.Collect$$rtexit$$00000003)
    __rt_exit_prels_1                        0x00000151   Thumb Code     0  rtexit2.o(.ARM.Collect$$rtexit$$00000002)
    __rt_exit_exit                           0x00000155   Thumb Code     0  rtexit2.o(.ARM.Collect$$rtexit$$00000004)
    rand                                     0x0000015d   Thumb Code    52  rand.o(.emb_text)
    Reset_Handler                            0x00000195   Thumb Code    32  startup_nuc100series.o(.text)
    NMI_Handler                              0x000001b5   Thumb Code     2  startup_nuc100series.o(.text)
    HardFault_Handler                        0x000001b7   Thumb Code     2  startup_nuc100series.o(.text)
    SVC_Handler                              0x000001b9   Thumb Code     2  startup_nuc100series.o(.text)
    PendSV_Handler                           0x000001bb   Thumb Code     2  startup_nuc100series.o(.text)
    SysTick_Handler                          0x000001bd   Thumb Code     2  startup_nuc100series.o(.text)
    ACMP_IRQHandler                          0x000001bf   Thumb Code     0  startup_nuc100series.o(.text)
    ADC_IRQHandler                           0x000001bf   Thumb Code     0  startup_nuc100series.o(.text)
    BOD_IRQHandler                           0x000001bf   Thumb Code     0  startup_nuc100series.o(.text)
    CAN0_IRQHandler                          0x000001bf   Thumb Code     0  startup_nuc100series.o(.text)
    CAN1_IRQHandler                          0x000001bf   Thumb Code     0  startup_nuc100series.o(.text)
    EINT0_IRQHandler                         0x000001bf   Thumb Code     0  startup_nuc100series.o(.text)
    GPAB_IRQHandler                          0x000001bf   Thumb Code     0  startup_nuc100series.o(.text)
    GPCDEF_IRQHandler                        0x000001bf   Thumb Code     0  startup_nuc100series.o(.text)
    I2C0_IRQHandler                          0x000001bf   Thumb Code     0  startup_nuc100series.o(.text)
    I2C1_IRQHandler                          0x000001bf   Thumb Code     0  startup_nuc100series.o(.text)
    I2S_IRQHandler                           0x000001bf   Thumb Code     0  startup_nuc100series.o(.text)
    PDMA_IRQHandler                          0x000001bf   Thumb Code     0  startup_nuc100series.o(.text)
    PS2_IRQHandler                           0x000001bf   Thumb Code     0  startup_nuc100series.o(.text)
    PWM0_IRQHandler                          0x000001bf   Thumb Code     0  startup_nuc100series.o(.text)
    PWM1_IRQHandler                          0x000001bf   Thumb Code     0  startup_nuc100series.o(.text)
    PWRWU_IRQHandler                         0x000001bf   Thumb Code     0  startup_nuc100series.o(.text)
    RTC_IRQHandler                           0x000001bf   Thumb Code     0  startup_nuc100series.o(.text)
    SC012_IRQHandler                         0x000001bf   Thumb Code     0  startup_nuc100series.o(.text)
    SPI0_IRQHandler                          0x000001bf   Thumb Code     0  startup_nuc100series.o(.text)
    SPI1_IRQHandler                          0x000001bf   Thumb Code     0  startup_nuc100series.o(.text)
    SPI2_IRQHandler                          0x000001bf   Thumb Code     0  startup_nuc100series.o(.text)
    SPI3_IRQHandler                          0x000001bf   Thumb Code     0  startup_nuc100series.o(.text)
    TMR0_IRQHandler                          0x000001bf   Thumb Code     0  startup_nuc100series.o(.text)
    TMR1_IRQHandler                          0x000001bf   Thumb Code     0  startup_nuc100series.o(.text)
    TMR2_IRQHandler                          0x000001bf   Thumb Code     0  startup_nuc100series.o(.text)
    TMR3_IRQHandler                          0x000001bf   Thumb Code     0  startup_nuc100series.o(.text)
    UART02_IRQHandler                        0x000001bf   Thumb Code     0  startup_nuc100series.o(.text)
    UART1_IRQHandler                         0x000001bf   Thumb Code     0  startup_nuc100series.o(.text)
    USBD_IRQHandler                          0x000001bf   Thumb Code     0  startup_nuc100series.o(.text)
    WDT_IRQHandler                           0x000001bf   Thumb Code     0  startup_nuc100series.o(.text)
    __user_initial_stackheap                 0x000001c1   Thumb Code     0  startup_nuc100series.o(.text)
    __2sprintf                               0x000001f9   Thumb Code    36  noretval__2sprintf.o(.text)
    __printf                                 0x00000221   Thumb Code   108  __printf.o(.text)
    _printf_int_dec                          0x0000028d   Thumb Code    90  _printf_dec.o(.text)
    srand                                    0x000002f9   Thumb Code    44  rand.o(.text)
    _rand_init                               0x00000325   Thumb Code     4  rand.o(.text)
    strlen                                   0x00000335   Thumb Code    62  strlen.o(.text)
    __aeabi_uidiv                            0x00000379   Thumb Code     0  aeabi_sdiv.o(.text)
    __aeabi_uidivmod                         0x00000379   Thumb Code    20  aeabi_sdiv.o(.text)
    __aeabi_idiv                             0x0000038d   Thumb Code     0  aeabi_sdiv.o(.text)
    __aeabi_idivmod                          0x0000038d   Thumb Code   338  aeabi_sdiv.o(.text)
    __use_two_region_memory                  0x000004e5   Thumb Code     2  heapauxi.o(.text)
    __rt_heap_escrow$2region                 0x000004e7   Thumb Code     2  heapauxi.o(.text)
    __rt_heap_expand$2region                 0x000004e9   Thumb Code     2  heapauxi.o(.text)
    _printf_int_common                       0x000004eb   Thumb Code   176  _printf_intcommon.o(.text)
    _printf_char_common                      0x000005a7   Thumb Code    32  _printf_char_common.o(.text)
    _sputc                                   0x000005cd   Thumb Code    10  _sputc.o(.text)
    __rt_udiv10                              0x000005d7   Thumb Code    40  rtudiv10.o(.text)
    __user_setup_stackheap                   0x000005ff   Thumb Code    62  sys_stackheap_outer.o(.text)
    exit                                     0x0000063d   Thumb Code    16  exit.o(.text)
    __user_libspace                          0x0000064d   Thumb Code     8  libspace.o(.text)
    __user_perproc_libspace                  0x0000064d   Thumb Code     0  libspace.o(.text)
    __user_perthread_libspace                0x0000064d   Thumb Code     0  libspace.o(.text)
    _sys_exit                                0x00000655   Thumb Code     8  sys_exit.o(.text)
    __I$use$semihosting                      0x00000661   Thumb Code     0  use_no_semi.o(.text)
    __use_no_semihosting_swi                 0x00000661   Thumb Code     2  use_no_semi.o(.text)
    __decompress                             0x00000663   Thumb Code     0  __dczerorl2.o(.text)
    __decompress1                            0x00000663   Thumb Code    86  __dczerorl2.o(.text)
    __semihosting_library_function           0x00000663   Thumb Code     0  indicate_semi.o(.text)
    Draw                                     0x000006dd   Thumb Code    60  main.o(.text.Draw)
    EINT1_IRQHandler                         0x00000719   Thumb Code    36  main.o(.text.EINT1_IRQHandler)
    FruitBombSetting                         0x0000073d   Thumb Code    84  main.o(.text.FruitBombSetting)
    KeyPadScanning                           0x00000791   Thumb Code   140  main.o(.text.KeyPadScanning)
    LCD_SetAddress                           0x0000081d   Thumb Code    28  main.o(.text.LCD_SetAddress)
    LCD_clear                                0x00000839   Thumb Code    30  main.o(.text.LCD_clear)
    LCD_command                              0x00000859   Thumb Code    32  main.o(.text.LCD_command)
    LCD_data                                 0x00000879   Thumb Code    36  main.o(.text.LCD_data)
    LCD_start                                0x0000089d   Thumb Code    40  main.o(.text.LCD_start)
    SPI3_Config                              0x000008c5   Thumb Code   128  main.o(.text.SPI3_Config)
    SetupBomb                                0x00000945   Thumb Code    96  main.o(.text.SetupBomb)
    SetupFruit                               0x000009a5   Thumb Code   100  main.o(.text.SetupFruit)
    SystemInit                               0x00000a09   Thumb Code     2  system_nuc100series.o(.text.SystemInit)
    System_Config                            0x00000a0d   Thumb Code   232  main.o(.text.System_Config)
    Timer_Config                             0x00000af5   Thumb Code   200  main.o(.text.Timer_Config)
    control                                  0x00000bbd   Thumb Code   124  main.o(.text.control)
    difficult_LCD                            0x00000c39   Thumb Code   112  main.o(.text.difficult_LCD)
    draw_LCD                                 0x00000ca9   Thumb Code    54  lcd.o(.text.draw_LCD)
    draw_Pixel                               0x00000ce1   Thumb Code    84  lcd.o(.text.draw_Pixel)
    endGameLCD                               0x00000d35   Thumb Code   304  main.o(.text.endGameLCD)
    fill_Rectangle                           0x00000e65   Thumb Code    86  draw2d.o(.text.fill_Rectangle)
    getPenalty                               0x00000ebd   Thumb Code   184  main.o(.text.getPenalty)
    howToPlay_Screen                         0x00000f75   Thumb Code   196  main.o(.text.howToPlay_Screen)
    howToPlay_Screen_cont                    0x00001039   Thumb Code   212  main.o(.text.howToPlay_Screen_cont)
    lcdSetAddr                               0x0000110d   Thumb Code   108  lcd.o(.text.lcdSetAddr)
    lcdWriteData                             0x00001179   Thumb Code    48  lcd.o(.text.lcdWriteData)
    main                                     0x000011a9   Thumb Code   732  main.o(.text.main)
    pointHandler                             0x00001485   Thumb Code   100  main.o(.text.pointHandler)
    printC                                   0x000014e9   Thumb Code   108  lcd.o(.text.printC)
    printC_5x7                               0x00001555   Thumb Code    92  lcd.o(.text.printC_5x7)
    printS                                   0x000015b1   Thumb Code    42  lcd.o(.text.printS)
    printS_5x7                               0x000015db   Thumb Code    40  lcd.o(.text.printS_5x7)
    resetGame                                0x00001605   Thumb Code   108  main.o(.text.resetGame)
    setDuration                              0x00001671   Thumb Code    48  main.o(.text.setDuration)
    snakeEat                                 0x000016a1   Thumb Code   400  main.o(.text.snakeEat)
    snakeEatItself                           0x00001831   Thumb Code   108  main.o(.text.snakeEatItself)
    snakeGrowUp                              0x0000189d   Thumb Code   284  main.o(.text.snakeGrowUp)
    snakeMove                                0x000019b9   Thumb Code   212  main.o(.text.snakeMove)
    statistic_GameLCD                        0x00001a8d   Thumb Code   116  main.o(.text.statistic_GameLCD)
    timeUpdate                               0x00001b01   Thumb Code   300  main.o(.text.timeUpdate)
    turnNormal                               0x00001c2d   Thumb Code    40  main.o(.text.turnNormal)
    update_Bodysnake                         0x00001c55   Thumb Code    48  main.o(.text.update_Bodysnake)
    update_Headsnake                         0x00001c85   Thumb Code    32  main.o(.text.update_Headsnake)
    welcome_LCD                              0x00001ca5   Thumb Code   156  main.o(.text.welcome_LCD)
    spawnX                                   0x00001f20   Data          80  main.o(.rodata.spawnX)
    spawnY                                   0x00001f70   Data          24  main.o(.rodata.spawnY)
    Region$$Table$$Base                      0x00001fbc   Number         0  anon$$obj.o(Region$$Table)
    Region$$Table$$Limit                     0x00001fdc   Number         0  anon$$obj.o(Region$$Table)
    difficulty                               0x20000000   Data           1  main.o(.data..L_MergedGlobals)
    state                                    0x20000001   Data           1  main.o(.data..L_MergedGlobals)
    score_s                                  0x20000002   Data           2  main.o(.data..L_MergedGlobals)
    min_s                                    0x20000004   Data           3  main.o(.data..L_MergedGlobals)
    sec_s                                    0x20000007   Data           3  main.o(.data..L_MergedGlobals)
    snake_length                             0x2000000c   Data           4  main.o(.data..L_MergedGlobals)
    snake_speed                              0x20000010   Data           4  main.o(.data..L_MergedGlobals)
    difficulty_s                             0x20000014   Data           5  main.o(.data..L_MergedGlobals)
    SystemCoreClock                          0x2000001c   Data           4  system_nuc100series.o(.data..L_MergedGlobals)
    CyclesPerUs                              0x20000020   Data           4  system_nuc100series.o(.data..L_MergedGlobals)
    PllClock                                 0x20000024   Data           4  system_nuc100series.o(.data..L_MergedGlobals)
    gau32ClkSrcTbl                           0x20000028   Data          32  system_nuc100series.o(.data..L_MergedGlobals)
    Font8x16                                 0x20000048   Data        1520  lcd.o(.data.Font8x16)
    snake_128x64                             0x20000638   Data        8192  main.o(.data.snake_128x64)
    _random_number_data                      0x20002638   Data         228  rand.o(.bss)
    __libspace_start                         0x2000271c   Data          96  libspace.o(.bss)
    __temporary_stack_top$libspace           0x2000277c   Data           0  libspace.o(.bss)
    pressed_key                              0x2000277c   Data           1  main.o(.bss..L_MergedGlobals.40)
    isControlled                             0x2000277d   Data           1  main.o(.bss..L_MergedGlobals.40)
    isBomb                                   0x2000277e   Data           1  main.o(.bss..L_MergedGlobals.40)
    resetRequest                             0x2000277f   Data           1  main.o(.bss..L_MergedGlobals.40)
    step                                     0x20002780   Data           1  main.o(.bss..L_MergedGlobals.40)
    bombX                                    0x20002784   Data           4  main.o(.bss..L_MergedGlobals.40)
    bombY                                    0x20002788   Data           4  main.o(.bss..L_MergedGlobals.40)
    bomb_freq                                0x2000278c   Data           4  main.o(.bss..L_MergedGlobals.40)
    score                                    0x20002790   Data           4  main.o(.bss..L_MergedGlobals.40)
    high_score                               0x20002794   Data           4  main.o(.bss..L_MergedGlobals.40)
    penalty                                  0x20002798   Data           4  main.o(.bss..L_MergedGlobals.40)
    penaltyTime                              0x2000279c   Data           4  main.o(.bss..L_MergedGlobals.40)
    min                                      0x200027a0   Data           4  main.o(.bss..L_MergedGlobals.40)
    second                                   0x200027a4   Data           4  main.o(.bss..L_MergedGlobals.40)
    Fruit_Duration                           0x200027a8   Data           4  main.o(.bss..L_MergedGlobals.40)
    tempx                                    0x200027ac   Data           4  main.o(.bss..L_MergedGlobals.40)
    tempy                                    0x200027b0   Data           4  main.o(.bss..L_MergedGlobals.40)
    fruitX                                   0x200027b4   Data           4  main.o(.bss..L_MergedGlobals.40)
    fruitY                                   0x200027b8   Data           4  main.o(.bss..L_MergedGlobals.40)
    x                                        0x200027bc   Data           4  main.o(.bss..L_MergedGlobals.40)
    y                                        0x200027c0   Data           4  main.o(.bss..L_MergedGlobals.40)
    DisplayBuffer                            0x200027c4   Data        1024  lcd.o(.bss.DisplayBuffer)
    body                                     0x20002bc4   Data         480  main.o(.bss.body)



==============================================================================

Memory Map of the image

  Image Entry point : 0x00000195

  Load Region LR_1 (Base: 0x00000000, Size: 0x00004614, Max: 0xffffffff, ABSOLUTE, COMPRESSED[0x00002470])

    Execution Region ER_RO (Exec base: 0x00000000, Load base: 0x00000000, Size: 0x00001fdc, Max: 0xffffffff, ABSOLUTE)

    Exec Addr    Load Addr    Size         Type   Attr      Idx    E Section Name        Object

    0x00000000   0x00000000   0x000000c0   Data   RO          104    RESET               startup_nuc100series.o
    0x000000c0   0x000000c0   0x00000008   Code   RO          346  * !!!main             c_p.l(__main.o)
    0x000000c8   0x000000c8   0x0000003c   Code   RO          534    !!!scatter          c_p.l(__scatter.o)
    0x00000104   0x00000104   0x0000001c   Code   RO          536    !!handler_zi        c_p.l(__scatter_zi.o)
    0x00000120   0x00000120   0x00000002   Code   RO          332    .ARM.Collect$$_printf_percent$$00000000  c_p.l(_printf_percent.o)
    0x00000122   0x00000122   0x0000000a   Code   RO          331    .ARM.Collect$$_printf_percent$$00000009  c_p.l(_printf_d.o)
    0x0000012c   0x0000012c   0x00000004   Code   RO          359    .ARM.Collect$$_printf_percent$$00000017  c_p.l(_printf_percent_end.o)
    0x00000130   0x00000130   0x00000002   Code   RO          448    .ARM.Collect$$libinit$$00000000  c_p.l(libinit.o)
    0x00000132   0x00000132   0x00000000   Code   RO          363    .ARM.Collect$$libinit$$00000002  c_p.l(libinit2.o)
    0x00000132   0x00000132   0x00000000   Code   RO          365    .ARM.Collect$$libinit$$00000004  c_p.l(libinit2.o)
    0x00000132   0x00000132   0x00000000   Code   RO          368    .ARM.Collect$$libinit$$0000000A  c_p.l(libinit2.o)
    0x00000132   0x00000132   0x00000000   Code   RO          370    .ARM.Collect$$libinit$$0000000C  c_p.l(libinit2.o)
    0x00000132   0x00000132   0x00000004   Code   RO          371    .ARM.Collect$$libinit$$0000000D  c_p.l(libinit2.o)
    0x00000136   0x00000136   0x00000000   Code   RO          372    .ARM.Collect$$libinit$$0000000E  c_p.l(libinit2.o)
    0x00000136   0x00000136   0x00000000   Code   RO          375    .ARM.Collect$$libinit$$00000011  c_p.l(libinit2.o)
    0x00000136   0x00000136   0x00000000   Code   RO          377    .ARM.Collect$$libinit$$00000013  c_p.l(libinit2.o)
    0x00000136   0x00000136   0x00000000   Code   RO          379    .ARM.Collect$$libinit$$00000015  c_p.l(libinit2.o)
    0x00000136   0x00000136   0x00000000   Code   RO          381    .ARM.Collect$$libinit$$00000017  c_p.l(libinit2.o)
    0x00000136   0x00000136   0x00000000   Code   RO          383    .ARM.Collect$$libinit$$00000019  c_p.l(libinit2.o)
    0x00000136   0x00000136   0x00000000   Code   RO          385    .ARM.Collect$$libinit$$0000001B  c_p.l(libinit2.o)
    0x00000136   0x00000136   0x00000000   Code   RO          387    .ARM.Collect$$libinit$$0000001D  c_p.l(libinit2.o)
    0x00000136   0x00000136   0x00000000   Code   RO          389    .ARM.Collect$$libinit$$0000001F  c_p.l(libinit2.o)
    0x00000136   0x00000136   0x00000000   Code   RO          391    .ARM.Collect$$libinit$$00000021  c_p.l(libinit2.o)
    0x00000136   0x00000136   0x00000000   Code   RO          393    .ARM.Collect$$libinit$$00000023  c_p.l(libinit2.o)
    0x00000136   0x00000136   0x00000000   Code   RO          395    .ARM.Collect$$libinit$$00000025  c_p.l(libinit2.o)
    0x00000136   0x00000136   0x00000000   Code   RO          399    .ARM.Collect$$libinit$$0000002C  c_p.l(libinit2.o)
    0x00000136   0x00000136   0x00000000   Code   RO          401    .ARM.Collect$$libinit$$0000002E  c_p.l(libinit2.o)
    0x00000136   0x00000136   0x00000000   Code   RO          403    .ARM.Collect$$libinit$$00000030  c_p.l(libinit2.o)
    0x00000136   0x00000136   0x00000000   Code   RO          405    .ARM.Collect$$libinit$$00000032  c_p.l(libinit2.o)
    0x00000136   0x00000136   0x00000002   Code   RO          406    .ARM.Collect$$libinit$$00000033  c_p.l(libinit2.o)
    0x00000138   0x00000138   0x00000002   Code   RO          499    .ARM.Collect$$libshutdown$$00000000  c_p.l(libshutdown.o)
    0x0000013a   0x0000013a   0x00000000   Code   RO          515    .ARM.Collect$$libshutdown$$00000002  c_p.l(libshutdown2.o)
    0x0000013a   0x0000013a   0x00000000   Code   RO          517    .ARM.Collect$$libshutdown$$00000004  c_p.l(libshutdown2.o)
    0x0000013a   0x0000013a   0x00000000   Code   RO          520    .ARM.Collect$$libshutdown$$00000007  c_p.l(libshutdown2.o)
    0x0000013a   0x0000013a   0x00000000   Code   RO          523    .ARM.Collect$$libshutdown$$0000000A  c_p.l(libshutdown2.o)
    0x0000013a   0x0000013a   0x00000000   Code   RO          525    .ARM.Collect$$libshutdown$$0000000C  c_p.l(libshutdown2.o)
    0x0000013a   0x0000013a   0x00000000   Code   RO          528    .ARM.Collect$$libshutdown$$0000000F  c_p.l(libshutdown2.o)
    0x0000013a   0x0000013a   0x00000002   Code   RO          529    .ARM.Collect$$libshutdown$$00000010  c_p.l(libshutdown2.o)
    0x0000013c   0x0000013c   0x00000000   Code   RO          348    .ARM.Collect$$rtentry$$00000000  c_p.l(__rtentry.o)
    0x0000013c   0x0000013c   0x00000000   Code   RO          408    .ARM.Collect$$rtentry$$00000002  c_p.l(__rtentry2.o)
    0x0000013c   0x0000013c   0x00000006   Code   RO          420    .ARM.Collect$$rtentry$$00000004  c_p.l(__rtentry4.o)
    0x00000142   0x00000142   0x00000000   Code   RO          410    .ARM.Collect$$rtentry$$00000009  c_p.l(__rtentry2.o)
    0x00000142   0x00000142   0x00000004   Code   RO          411    .ARM.Collect$$rtentry$$0000000A  c_p.l(__rtentry2.o)
    0x00000146   0x00000146   0x00000000   Code   RO          413    .ARM.Collect$$rtentry$$0000000C  c_p.l(__rtentry2.o)
    0x00000146   0x00000146   0x00000008   Code   RO          414    .ARM.Collect$$rtentry$$0000000D  c_p.l(__rtentry2.o)
    0x0000014e   0x0000014e   0x00000002   Code   RO          457    .ARM.Collect$$rtexit$$00000000  c_p.l(rtexit.o)
    0x00000150   0x00000150   0x00000000   Code   RO          479    .ARM.Collect$$rtexit$$00000002  c_p.l(rtexit2.o)
    0x00000150   0x00000150   0x00000004   Code   RO          480    .ARM.Collect$$rtexit$$00000003  c_p.l(rtexit2.o)
    0x00000154   0x00000154   0x00000006   Code   RO          481    .ARM.Collect$$rtexit$$00000004  c_p.l(rtexit2.o)
    0x0000015a   0x0000015a   0x00000002   PAD
    0x0000015c   0x0000015c   0x00000038   Code   RO          333    .emb_text           c_p.l(rand.o)
    0x00000194   0x00000194   0x00000064   Code   RO          105  * .text               startup_nuc100series.o
    0x000001f8   0x000001f8   0x00000028   Code   RO          305    .text               c_p.l(noretval__2sprintf.o)
    0x00000220   0x00000220   0x0000006c   Code   RO          307    .text               c_p.l(__printf.o)
    0x0000028c   0x0000028c   0x0000006c   Code   RO          309    .text               c_p.l(_printf_dec.o)
    0x000002f8   0x000002f8   0x0000003c   Code   RO          334    .text               c_p.l(rand.o)
    0x00000334   0x00000334   0x00000044   Code   RO          338    .text               c_p.l(strlen.o)
    0x00000378   0x00000378   0x0000016c   Code   RO          340    .text               c_p.l(aeabi_sdiv.o)
    0x000004e4   0x000004e4   0x00000006   Code   RO          344    .text               c_p.l(heapauxi.o)
    0x000004ea   0x000004ea   0x000000b0   Code   RO          353    .text               c_p.l(_printf_intcommon.o)
    0x0000059a   0x0000059a   0x00000002   PAD
    0x0000059c   0x0000059c   0x00000030   Code   RO          355    .text               c_p.l(_printf_char_common.o)
    0x000005cc   0x000005cc   0x0000000a   Code   RO          357    .text               c_p.l(_sputc.o)
    0x000005d6   0x000005d6   0x00000028   Code   RO          360    .text               c_p.l(rtudiv10.o)
    0x000005fe   0x000005fe   0x0000003e   Code   RO          430    .text               c_p.l(sys_stackheap_outer.o)
    0x0000063c   0x0000063c   0x00000010   Code   RO          433    .text               c_p.l(exit.o)
    0x0000064c   0x0000064c   0x00000008   Code   RO          453    .text               c_p.l(libspace.o)
    0x00000654   0x00000654   0x0000000c   Code   RO          471    .text               c_p.l(sys_exit.o)
    0x00000660   0x00000660   0x00000002   Code   RO          475    .text               c_p.l(use_no_semi.o)
    0x00000662   0x00000662   0x00000000   Code   RO          477    .text               c_p.l(indicate_semi.o)
    0x00000662   0x00000662   0x00000056   Code   RO          532    .text               c_p.l(__dczerorl2.o)
    0x000006b8   0x000006b8   0x00000024   Code   RO           14    .text.CLK_SysTickDelay  main.o
    0x000006dc   0x000006dc   0x0000003c   Code   RO           24    .text.Draw          main.o
    0x00000718   0x00000718   0x00000024   Code   RO           58    .text.EINT1_IRQHandler  main.o
    0x0000073c   0x0000073c   0x00000054   Code   RO           38    .text.FruitBombSetting  main.o
    0x00000790   0x00000790   0x0000008c   Code   RO           16    .text.KeyPadScanning  main.o
    0x0000081c   0x0000081c   0x0000001c   Code   RO           70    .text.LCD_SetAddress  main.o
    0x00000838   0x00000838   0x0000001e   Code   RO           10    .text.LCD_clear     main.o
    0x00000856   0x00000856   0x00000002   PAD
    0x00000858   0x00000858   0x00000020   Code   RO           66    .text.LCD_command   main.o
    0x00000878   0x00000878   0x00000024   Code   RO           68    .text.LCD_data      main.o
    0x0000089c   0x0000089c   0x00000028   Code   RO            8    .text.LCD_start     main.o
    0x000008c4   0x000008c4   0x00000080   Code   RO            6    .text.SPI3_Config   main.o
    0x00000944   0x00000944   0x00000060   Code   RO           18    .text.SetupBomb     main.o
    0x000009a4   0x000009a4   0x00000064   Code   RO           20    .text.SetupFruit    main.o
    0x00000a08   0x00000a08   0x00000002   Code   RO           92    .text.SystemInit    system_nuc100series.o
    0x00000a0a   0x00000a0a   0x00000002   PAD
    0x00000a0c   0x00000a0c   0x000000e8   Code   RO            4    .text.System_Config  main.o
    0x00000af4   0x00000af4   0x000000c8   Code   RO           12    .text.Timer_Config  main.o
    0x00000bbc   0x00000bbc   0x0000007c   Code   RO           62    .text.control       main.o
    0x00000c38   0x00000c38   0x00000070   Code   RO           42    .text.difficult_LCD  main.o
    0x00000ca8   0x00000ca8   0x00000036   Code   RO          168    .text.draw_LCD      lcd.o
    0x00000cde   0x00000cde   0x00000002   PAD
    0x00000ce0   0x00000ce0   0x00000054   Code   RO          136    .text.draw_Pixel    lcd.o
    0x00000d34   0x00000d34   0x00000130   Code   RO           28    .text.endGameLCD    main.o
    0x00000e64   0x00000e64   0x00000056   Code   RO          290    .text.fill_Rectangle  draw2d.o
    0x00000eba   0x00000eba   0x00000002   PAD
    0x00000ebc   0x00000ebc   0x000000b8   Code   RO           50    .text.getPenalty    main.o
    0x00000f74   0x00000f74   0x000000c4   Code   RO           34    .text.howToPlay_Screen  main.o
    0x00001038   0x00001038   0x000000d4   Code   RO           36    .text.howToPlay_Screen_cont  main.o
    0x0000110c   0x0000110c   0x0000006c   Code   RO          118    .text.lcdSetAddr    lcd.o
    0x00001178   0x00001178   0x00000030   Code   RO          116    .text.lcdWriteData  lcd.o
    0x000011a8   0x000011a8   0x000002dc   Code   RO            2    .text.main          main.o
    0x00001484   0x00001484   0x00000064   Code   RO           48    .text.pointHandler  main.o
    0x000014e8   0x000014e8   0x0000006c   Code   RO          124    .text.printC        lcd.o
    0x00001554   0x00001554   0x0000005c   Code   RO          126    .text.printC_5x7    lcd.o
    0x000015b0   0x000015b0   0x0000002a   Code   RO          130    .text.printS        lcd.o
    0x000015da   0x000015da   0x00000028   Code   RO          132    .text.printS_5x7    lcd.o
    0x00001602   0x00001602   0x00000002   PAD
    0x00001604   0x00001604   0x0000006c   Code   RO           60    .text.resetGame     main.o
    0x00001670   0x00001670   0x00000030   Code   RO           64    .text.setDuration   main.o
    0x000016a0   0x000016a0   0x00000190   Code   RO           46    .text.snakeEat      main.o
    0x00001830   0x00001830   0x0000006c   Code   RO           40    .text.snakeEatItself  main.o
    0x0000189c   0x0000189c   0x0000011c   Code   RO           30    .text.snakeGrowUp   main.o
    0x000019b8   0x000019b8   0x000000d4   Code   RO           52    .text.snakeMove     main.o
    0x00001a8c   0x00001a8c   0x00000074   Code   RO           22    .text.statistic_GameLCD  main.o
    0x00001b00   0x00001b00   0x0000012c   Code   RO           26    .text.timeUpdate    main.o
    0x00001c2c   0x00001c2c   0x00000028   Code   RO           32    .text.turnNormal    main.o
    0x00001c54   0x00001c54   0x00000030   Code   RO           54    .text.update_Bodysnake  main.o
    0x00001c84   0x00001c84   0x00000020   Code   RO           56    .text.update_Headsnake  main.o
    0x00001ca4   0x00001ca4   0x0000009c   Code   RO           44    .text.welcome_LCD   main.o
    0x00001d40   0x00001d40   0x000001e0   Data   RO          172    .rodata.Font5x7     lcd.o
    0x00001f20   0x00001f20   0x00000050   Data   RO           75    .rodata.spawnX      main.o
    0x00001f70   0x00001f70   0x00000018   Data   RO           76    .rodata.spawnY      main.o
    0x00001f88   0x00001f88   0x00000032   Data   RO           77    .rodata.str1.1      main.o
    0x00001fba   0x00001fba   0x00000002   PAD
    0x00001fbc   0x00001fbc   0x00000020   Data   RO          531    Region$$Table       anon$$obj.o


    Execution Region ER_RW (Exec base: 0x20000000, Load base: 0x00001fdc, Size: 0x00002638, Max: 0xffffffff, ABSOLUTE, COMPRESSED[0x00000494])

    Exec Addr    Load Addr    Size         Type   Attr      Idx    E Section Name        Object

    0x20000000   COMPRESSED   0x00000019   Data   RW           80    .data..L_MergedGlobals  main.o
    0x20000019   COMPRESSED   0x00000003   PAD
    0x2000001c   COMPRESSED   0x0000002c   Data   RW           94    .data..L_MergedGlobals  system_nuc100series.o
    0x20000048   COMPRESSED   0x000005f0   Data   RW          170    .data.Font8x16      lcd.o
    0x20000638   COMPRESSED   0x00002000   Data   RW           74    .data.snake_128x64  main.o


    Execution Region ER_ZI (Exec base: 0x20002638, Load base: 0x00002470, Size: 0x00000b70, Max: 0xffffffff, ABSOLUTE)

    Exec Addr    Load Addr    Size         Type   Attr      Idx    E Section Name        Object

    0x20002638        -       0x000000e4   Zero   RW          335    .bss                c_p.l(rand.o)
    0x2000271c        -       0x00000060   Zero   RW          454    .bss                c_p.l(libspace.o)
    0x2000277c        -       0x00000048   Zero   RW           81    .bss..L_MergedGlobals.40  main.o
    0x200027c4        -       0x00000400   Zero   RW          171    .bss.DisplayBuffer  lcd.o
    0x20002bc4        -       0x000001e0   Zero   RW           78    .bss.body           main.o
    0x20002da4   0x00002470   0x00000004   PAD
    0x20002da8        -       0x00000000   Zero   RW          103    HEAP                startup_nuc100series.o
    0x20002da8        -       0x00000400   Zero   RW          102    STACK               startup_nuc100series.o


==============================================================================

Image component sizes


      Code (inc. data)   RO Data    RW Data    ZI Data      Debug   Object Name

        86          0          0          0          0       3880   draw2d.o
       576         20        480       1520       1024      16359   lcd.o
      5094        868        154       8217        552      12082   main.o
       100         46        192          0       1024        692   startup_nuc100series.o
         2          0          0         44          0       2118   system_nuc100series.o

    ----------------------------------------------------------------------
      5868        934        860       9784       2604      35131   Object Totals
         0          0         32          0          0          0   (incl. Generated)
        10          0          2          3          4          0   (incl. Padding)

    ----------------------------------------------------------------------

      Code (inc. data)   RO Data    RW Data    ZI Data      Debug   Library Member Name

        86          0          0          0          0          0   __dczerorl2.o
         8          0          0          0          0         68   __main.o
       108          0          0          0          0         76   __printf.o
         0          0          0          0          0          0   __rtentry.o
        12          0          0          0          0          0   __rtentry2.o
         6          0          0          0          0          0   __rtentry4.o
        60          8          0          0          0          0   __scatter.o
        28          0          0          0          0          0   __scatter_zi.o
        48          6          0          0          0         88   _printf_char_common.o
        10          0          0          0          0          0   _printf_d.o
       108         18          0          0          0         76   _printf_dec.o
       176          0          0          0          0         84   _printf_intcommon.o
         2          0          0          0          0          0   _printf_percent.o
         4          0          0          0          0          0   _printf_percent_end.o
        10          0          0          0          0         60   _sputc.o
       364          4          0          0          0         92   aeabi_sdiv.o
        16          0          0          0          0         68   exit.o
         6          0          0          0          0        136   heapauxi.o
         0          0          0          0          0          0   indicate_semi.o
         2          0          0          0          0          0   libinit.o
         6          0          0          0          0          0   libinit2.o
         2          0          0          0          0          0   libshutdown.o
         2          0          0          0          0          0   libshutdown2.o
         8          4          0          0         96         68   libspace.o
        40          4          0          0          0         84   noretval__2sprintf.o
       116         16          0          0        228        156   rand.o
         2          0          0          0          0          0   rtexit.o
        10          0          0          0          0          0   rtexit2.o
        40          0          0          0          0         60   rtudiv10.o
        68          6          0          0          0         72   strlen.o
        12          4          0          0          0         60   sys_exit.o
        62          0          0          0          0         80   sys_stackheap_outer.o
         2          0          0          0          0         68   use_no_semi.o

    ----------------------------------------------------------------------
      1428         70          0          0        324       1396   Library Totals
         4          0          0          0          0          0   (incl. Padding)

    ----------------------------------------------------------------------

      Code (inc. data)   RO Data    RW Data    ZI Data      Debug   Library Name

      1424         70          0          0        324       1396   c_p.l

    ----------------------------------------------------------------------
      1428         70          0          0        324       1396   Library Totals

    ----------------------------------------------------------------------

==============================================================================


      Code (inc. data)   RO Data    RW Data    ZI Data      Debug   

      7296       1004        860       9784       2928      35891   Grand Totals
      7296       1004        860       1172       2928      35891   ELF Image Totals (compressed)
      7296       1004        860       1172          0          0   ROM Totals

==============================================================================

    Total RO  Size (Code + RO Data)                 8156 (   7.96kB)
    Total RW  Size (RW Data + ZI Data)             12712 (  12.41kB)
    Total ROM Size (Code + RO Data + RW Data)       9328 (   9.11kB)

==============================================================================

